Component: ARM Compiler 6.16 Tool: armlink [5dfeaa00]

==============================================================================

Section Cross References

    startup_stm32f303xe.o(STACK) refers (Special) to heapauxi.o(.text) for __use_two_region_memory
    startup_stm32f303xe.o(HEAP) refers (Special) to heapauxi.o(.text) for __use_two_region_memory
    startup_stm32f303xe.o(RESET) refers (Special) to heapauxi.o(.text) for __use_two_region_memory
    startup_stm32f303xe.o(RESET) refers to startup_stm32f303xe.o(STACK) for __initial_sp
    startup_stm32f303xe.o(RESET) refers to startup_stm32f303xe.o(.text) for Reset_Handler
    startup_stm32f303xe.o(RESET) refers to stm32f3xx_it.o(.text.NMI_Handler) for NMI_Handler
    startup_stm32f303xe.o(RESET) refers to stm32f3xx_it.o(.text.HardFault_Handler) for HardFault_Handler
    startup_stm32f303xe.o(RESET) refers to stm32f3xx_it.o(.text.MemManage_Handler) for MemManage_Handler
    startup_stm32f303xe.o(RESET) refers to stm32f3xx_it.o(.text.BusFault_Handler) for BusFault_Handler
    startup_stm32f303xe.o(RESET) refers to stm32f3xx_it.o(.text.UsageFault_Handler) for UsageFault_Handler
    startup_stm32f303xe.o(RESET) refers to stm32f3xx_it.o(.text.SVC_Handler) for SVC_Handler
    startup_stm32f303xe.o(RESET) refers to stm32f3xx_it.o(.text.DebugMon_Handler) for DebugMon_Handler
    startup_stm32f303xe.o(RESET) refers to stm32f3xx_it.o(.text.PendSV_Handler) for PendSV_Handler
    startup_stm32f303xe.o(RESET) refers to stm32f3xx_it.o(.text.SysTick_Handler) for SysTick_Handler
    startup_stm32f303xe.o(RESET) refers to stm32f3xx_it.o(.text.TIM2_IRQHandler) for TIM2_IRQHandler
    startup_stm32f303xe.o(.text) refers (Special) to heapauxi.o(.text) for __use_two_region_memory
    startup_stm32f303xe.o(.text) refers to system_stm32f3xx.o(.text.SystemInit) for SystemInit
    startup_stm32f303xe.o(.text) refers to __main.o(!!!main) for __main
    startup_stm32f303xe.o(.text) refers to startup_stm32f303xe.o(HEAP) for Heap_Mem
    startup_stm32f303xe.o(.text) refers to startup_stm32f303xe.o(STACK) for Stack_Mem
    main.o(.text.main) refers to stm32f3xx_hal.o(.text.HAL_Init) for HAL_Init
    main.o(.text.main) refers to rt_memclr_w.o(.text) for __aeabi_memclr4
    main.o(.text.main) refers to stm32f3xx_hal_rcc.o(.text.HAL_RCC_OscConfig) for HAL_RCC_OscConfig
    main.o(.text.main) refers to stm32f3xx_hal_rcc.o(.text.HAL_RCC_ClockConfig) for HAL_RCC_ClockConfig
    main.o(.text.main) refers to stm32f3xx_hal_rcc_ex.o(.text.HAL_RCCEx_PeriphCLKConfig) for HAL_RCCEx_PeriphCLKConfig
    main.o(.text.main) refers to stm32f3xx_hal_gpio.o(.text.HAL_GPIO_WritePin) for HAL_GPIO_WritePin
    main.o(.text.main) refers to stm32f3xx_hal_gpio.o(.text.HAL_GPIO_Init) for HAL_GPIO_Init
    main.o(.text.main) refers to main.o(.bss.hadc1) for hadc1
    main.o(.text.main) refers to stm32f3xx_hal_adc_ex.o(.text.HAL_ADC_Init) for HAL_ADC_Init
    main.o(.text.main) refers to stm32f3xx_hal_adc_ex.o(.text.HAL_ADCEx_MultiModeConfigChannel) for HAL_ADCEx_MultiModeConfigChannel
    main.o(.text.main) refers to stm32f3xx_hal_adc_ex.o(.text.HAL_ADC_ConfigChannel) for HAL_ADC_ConfigChannel
    main.o(.text.main) refers to main.o(.bss..L_MergedGlobals) for .L_MergedGlobals
    main.o(.text.main) refers to stm32f3xx_hal_can.o(.text.HAL_CAN_Init) for HAL_CAN_Init
    main.o(.text.main) refers to stm32f3xx_hal_tim.o(.text.HAL_TIM_Base_Init) for HAL_TIM_Base_Init
    main.o(.text.main) refers to stm32f3xx_hal_tim.o(.text.HAL_TIM_ConfigClockSource) for HAL_TIM_ConfigClockSource
    main.o(.text.main) refers to stm32f3xx_hal_tim_ex.o(.text.HAL_TIMEx_MasterConfigSynchronization) for HAL_TIMEx_MasterConfigSynchronization
    main.o(.text.main) refers to main.o(.bss.huart4) for huart4
    main.o(.text.main) refers to stm32f3xx_hal_uart.o(.text.HAL_UART_Init) for HAL_UART_Init
    main.o(.text.main) refers to main.o(.bss.huart1) for huart1
    main.o(.ARM.exidx.text.main) refers to main.o(.text.main) for [Anonymous Symbol]
    main.o(.text.SystemClock_Config) refers to rt_memclr_w.o(.text) for __aeabi_memclr4
    main.o(.text.SystemClock_Config) refers to stm32f3xx_hal_rcc.o(.text.HAL_RCC_OscConfig) for HAL_RCC_OscConfig
    main.o(.text.SystemClock_Config) refers to stm32f3xx_hal_rcc.o(.text.HAL_RCC_ClockConfig) for HAL_RCC_ClockConfig
    main.o(.text.SystemClock_Config) refers to stm32f3xx_hal_rcc_ex.o(.text.HAL_RCCEx_PeriphCLKConfig) for HAL_RCCEx_PeriphCLKConfig
    main.o(.ARM.exidx.text.SystemClock_Config) refers to main.o(.text.SystemClock_Config) for [Anonymous Symbol]
    main.o(.ARM.exidx.text.Error_Handler) refers to main.o(.text.Error_Handler) for [Anonymous Symbol]
    stm32f3xx_it.o(.ARM.exidx.text.NMI_Handler) refers to stm32f3xx_it.o(.text.NMI_Handler) for [Anonymous Symbol]
    stm32f3xx_it.o(.ARM.exidx.text.HardFault_Handler) refers to stm32f3xx_it.o(.text.HardFault_Handler) for [Anonymous Symbol]
[...]
    stm32f3xx_hal_i2c.o(.ARM.exidx.text.HAL_I2C_ER_IRQHandler) refers to stm32f3xx_hal_i2c.o(.text.HAL_I2C_ER_IRQHandler) for [Anonymous Symbol]
    stm32f3xx_hal_i2c.o(.text.I2C_ITError) refers to stm32f3xx_hal_i2c.o(.text.I2C_Slave_ISR_IT) for I2C_Slave_ISR_IT
    stm32f3xx_hal_i2c.o(.text.I2C_ITError) refers to stm32f3xx_hal_dma.o(.text.HAL_DMA_GetState) for HAL_DMA_GetState
    stm32f3xx_hal_i2c.o(.text.I2C_ITError) refers to stm32f3xx_hal_i2c.o(.text.HAL_I2C_ErrorCallback) for HAL_I2C_ErrorCallback
    stm32f3xx_hal_i2c.o(.text.I2C_ITError) refers to stm32f3xx_hal_i2c.o(.text.HAL_I2C_AbortCpltCallback) for HAL_I2C_AbortCpltCallback
    stm32f3xx_hal_i2c.o(.text.I2C_ITError) refers to stm32f3xx_hal_i2c.o(.text.I2C_DMAAbort) for I2C_DMAAbort
    stm32f3xx_hal_i2c.o(.text.I2C_ITError) refers to stm32f3xx_hal_dma.o(.text.HAL_DMA_Abort_IT) for HAL_DMA_Abort_IT
    stm32f3xx_hal_i2c.o(.ARM.exidx.text.I2C_ITError) refers to stm32f3xx_hal_i2c.o(.text.I2C_ITError) for [Anonymous Symbol]
    stm32f3xx_hal_i2c.o(.ARM.exidx.text.HAL_I2C_MasterTxCpltCallback) refers to stm32f3xx_hal_i2c.o(.text.HAL_I2C_MasterTxCpltCallback) for [Anonymous Symbol]
    stm32f3xx_hal_i2c.o(.ARM.exidx.text.HAL_I2C_MasterRxCpltCallback) refers to stm32f3xx_hal_i2c.o(.text.HAL_I2C_MasterRxCpltCallback) for [Anonymous Symbol]
    stm32f3xx_hal_i2c.o(.ARM.exidx.text.HAL_I2C_SlaveTxCpltCallback) refers to stm32f3xx_hal_i2c.o(.text.HAL_I2C_SlaveTxCpltCallback) for [Anonymous Symbol]
    stm32f3xx_hal_i2c.o(.ARM.exidx.text.HAL_I2C_SlaveRxCpltCallback) refers to stm32f3xx_hal_i2c.o(.text.HAL_I2C_SlaveRxCpltCallback) for [Anonymous Symbol]
    stm32f3xx_hal_i2c.o(.ARM.exidx.text.HAL_I2C_AddrCallback) refers to stm32f3xx_hal_i2c.o(.text.HAL_I2C_AddrCallback) for [Anonymous Symbol]
    stm32f3xx_hal_i2c.o(.ARM.exidx.text.HAL_I2C_ListenCpltCallback) refers to stm32f3xx_hal_i2c.o(.text.HAL_I2C_ListenCpltCallback) for [Anonymous Symbol]
    stm32f3xx_hal_i2c.o(.ARM.exidx.text.HAL_I2C_MemTxCpltCallback) refers to stm32f3xx_hal_i2c.o(.text.HAL_I2C_MemTxCpltCallback) for [Anonymous Symbol]
    stm32f3xx_hal_i2c.o(.ARM.exidx.text.HAL_I2C_MemRxCpltCallback) refers to stm32f3xx_hal_i2c.o(.text.HAL_I2C_MemRxCpltCallback) for [Anonymous Symbol]
    stm32f3xx_hal_i2c.o(.ARM.exidx.text.HAL_I2C_ErrorCallback) refers to stm32f3xx_hal_i2c.o(.text.HAL_I2C_ErrorCallback) for [Anonymous Symbol]
    stm32f3xx_hal_i2c.o(.ARM.exidx.text.HAL_I2C_AbortCpltCallback) refers to stm32f3xx_hal_i2c.o(.text.HAL_I2C_AbortCpltCallback) for [Anonymous Symbol]
    stm32f3xx_hal_i2c.o(.ARM.exidx.text.HAL_I2C_GetState) refers to stm32f3xx_hal_i2c.o(.text.HAL_I2C_GetState) for [Anonymous Symbol]
    stm32f3xx_hal_i2c.o(.ARM.exidx.text.HAL_I2C_GetMode) refers to stm32f3xx_hal_i2c.o(.text.HAL_I2C_GetMode) for [Anonymous Symbol]
    stm32f3xx_hal_i2c.o(.ARM.exidx.text.HAL_I2C_GetError) refers to stm32f3xx_hal_i2c.o(.text.HAL_I2C_GetError) for [Anonymous Symbol]
    stm32f3xx_hal_i2c.o(.text.I2C_ITMasterCplt) refers to stm32f3xx_hal_i2c.o(.text.HAL_I2C_MemTxCpltCallback) for HAL_I2C_MemTxCpltCallback
    stm32f3xx_hal_i2c.o(.text.I2C_ITMasterCplt) refers to stm32f3xx_hal_i2c.o(.text.I2C_ITError) for I2C_ITError
    stm32f3xx_hal_i2c.o(.text.I2C_ITMasterCplt) refers to stm32f3xx_hal_i2c.o(.text.HAL_I2C_MemRxCpltCallback) for HAL_I2C_MemRxCpltCallback
    stm32f3xx_hal_i2c.o(.text.I2C_ITMasterCplt) refers to stm32f3xx_hal_i2c.o(.text.HAL_I2C_MasterTxCpltCallback) for HAL_I2C_MasterTxCpltCallback
    stm32f3xx_hal_i2c.o(.text.I2C_ITMasterCplt) refers to stm32f3xx_hal_i2c.o(.text.HAL_I2C_MasterRxCpltCallback) for HAL_I2C_MasterRxCpltCallback
    stm32f3xx_hal_i2c.o(.ARM.exidx.text.I2C_ITMasterCplt) refers to stm32f3xx_hal_i2c.o(.text.I2C_ITMasterCplt) for [Anonymous Symbol]
    stm32f3xx_hal_i2c.o(.text.I2C_ITSlaveCplt) refers to stm32f3xx_hal_i2c.o(.rodata..Lswitch.table.I2C_ITSlaveCplt.3) for .Lswitch.table.I2C_ITSlaveCplt.3
    stm32f3xx_hal_i2c.o(.text.I2C_ITSlaveCplt) refers to stm32f3xx_hal_i2c.o(.text.I2C_ITError) for I2C_ITError
    stm32f3xx_hal_i2c.o(.text.I2C_ITSlaveCplt) refers to stm32f3xx_hal_i2c.o(.text.HAL_I2C_ListenCpltCallback) for HAL_I2C_ListenCpltCallback
    stm32f3xx_hal_i2c.o(.text.I2C_ITSlaveCplt) refers to stm32f3xx_hal_i2c.o(.text.HAL_I2C_SlaveRxCpltCallback) for HAL_I2C_SlaveRxCpltCallback
    stm32f3xx_hal_i2c.o(.text.I2C_ITSlaveCplt) refers to stm32f3xx_hal_i2c.o(.text.HAL_I2C_SlaveTxCpltCallback) for HAL_I2C_SlaveTxCpltCallback
    stm32f3xx_hal_i2c.o(.ARM.exidx.text.I2C_ITSlaveCplt) refers to stm32f3xx_hal_i2c.o(.text.I2C_ITSlaveCplt) for [Anonymous Symbol]
    stm32f3xx_hal_i2c.o(.text.I2C_ITAddrCplt) refers to stm32f3xx_hal_i2c.o(.text.HAL_I2C_AddrCallback) for HAL_I2C_AddrCallback
    stm32f3xx_hal_i2c.o(.ARM.exidx.text.I2C_ITAddrCplt) refers to stm32f3xx_hal_i2c.o(.text.I2C_ITAddrCplt) for [Anonymous Symbol]
    stm32f3xx_hal_i2c.o(.text.I2C_IsAcknowledgeFailed) refers to stm32f3xx_hal.o(.text.HAL_GetTick) for HAL_GetTick
    stm32f3xx_hal_i2c.o(.ARM.exidx.text.I2C_IsAcknowledgeFailed) refers to stm32f3xx_hal_i2c.o(.text.I2C_IsAcknowledgeFailed) for [Anonymous Symbol]
    stm32f3xx_hal_i2c_ex.o(.ARM.exidx.text.HAL_I2CEx_ConfigAnalogFilter) refers to stm32f3xx_hal_i2c_ex.o(.text.HAL_I2CEx_ConfigAnalogFilter) for [Anonymous Symbol]
    stm32f3xx_hal_i2c_ex.o(.ARM.exidx.text.HAL_I2CEx_ConfigDigitalFilter) refers to stm32f3xx_hal_i2c_ex.o(.text.HAL_I2CEx_ConfigDigitalFilter) for [Anonymous Symbol]
    stm32f3xx_hal_i2c_ex.o(.ARM.exidx.text.HAL_I2CEx_EnableWakeUp) refers to stm32f3xx_hal_i2c_ex.o(.text.HAL_I2CEx_EnableWakeUp) for [Anonymous Symbol]
    stm32f3xx_hal_i2c_ex.o(.ARM.exidx.text.HAL_I2CEx_DisableWakeUp) refers to stm32f3xx_hal_i2c_ex.o(.text.HAL_I2CEx_DisableWakeUp) for [Anonymous Symbol]
    stm32f3xx_hal_i2c_ex.o(.ARM.exidx.text.HAL_I2CEx_EnableFastModePlus) refers to stm32f3xx_hal_i2c_ex.o(.text.HAL_I2CEx_EnableFastModePlus) for [Anonymous Symbol]
    stm32f3xx_hal_i2c_ex.o(.ARM.exidx.text.HAL_I2CEx_DisableFastModePlus) refers to stm32f3xx_hal_i2c_ex.o(.text.HAL_I2CEx_DisableFastModePlus) for [Anonymous Symbol]
    stm32f3xx_hal_exti.o(.ARM.exidx.text.HAL_EXTI_SetConfigLine) refers to stm32f3xx_hal_exti.o(.text.HAL_EXTI_SetConfigLine) for [Anonymous Symbol]
    stm32f3xx_hal_exti.o(.ARM.exidx.text.HAL_EXTI_GetConfigLine) refers to stm32f3xx_hal_exti.o(.text.HAL_EXTI_GetConfigLine) for [Anonymous Symbol]
    stm32f3xx_hal_exti.o(.ARM.exidx.text.HAL_EXTI_ClearConfigLine) refers to stm32f3xx_hal_exti.o(.text.HAL_EXTI_ClearConfigLine) for [Anonymous Symbol]
    stm32f3xx_hal_exti.o(.ARM.exidx.text.HAL_EXTI_RegisterCallback) refers to stm32f3xx_hal_exti.o(.text.HAL_EXTI_RegisterCallback) for [Anonymous Symbol]
    stm32f3xx_hal_exti.o(.ARM.exidx.text.HAL_EXTI_GetHandle) refers to stm32f3xx_hal_exti.o(.text.HAL_EXTI_GetHandle) for [Anonymous Symbol]
    stm32f3xx_hal_exti.o(.ARM.exidx.text.HAL_EXTI_IRQHandler) refers to stm32f3xx_hal_exti.o(.text.HAL_EXTI_IRQHandler) for [Anonymous Symbol]
    stm32f3xx_hal_exti.o(.ARM.exidx.text.HAL_EXTI_GetPending) refers to stm32f3xx_hal_exti.o(.text.HAL_EXTI_GetPending) for [Anonymous Symbol]
    stm32f3xx_hal_exti.o(.ARM.exidx.text.HAL_EXTI_ClearPending) refers to stm32f3xx_hal_exti.o(.text.HAL_EXTI_ClearPending) for [Anonymous Symbol]
    stm32f3xx_hal_exti.o(.ARM.exidx.text.HAL_EXTI_GenerateSWI) refers to stm32f3xx_hal_exti.o(.text.HAL_EXTI_GenerateSWI) for [Anonymous Symbol]
    stm32f3xx_hal_can.o(.text.HAL_CAN_Init) refers to stm32f3xx_hal_msp.o(.text.HAL_CAN_MspInit) for HAL_CAN_MspInit
    stm32f3xx_hal_can.o(.text.HAL_CAN_Init) refers to stm32f3xx_hal.o(.text.HAL_GetTick) for HAL_GetTick
    stm32f3xx_hal_can.o(.ARM.exidx.text.HAL_CAN_Init) refers to stm32f3xx_hal_can.o(.text.HAL_CAN_Init) for [Anonymous Symbol]
    stm32f3xx_hal_can.o(.ARM.exidx.text.HAL_CAN_MspInit) refers to stm32f3xx_hal_can.o(.text.HAL_CAN_MspInit) for [Anonymous Symbol]
    stm32f3xx_hal_can.o(.text.HAL_CAN_DeInit) refers to stm32f3xx_hal.o(.text.HAL_GetTick) for HAL_GetTick
    stm32f3xx_hal_can.o(.text.HAL_CAN_DeInit) refers to stm32f3xx_hal_msp.o(.text.HAL_CAN_MspDeInit) for HAL_CAN_MspDeInit
    stm32f3xx_hal_can.o(.ARM.exidx.text.HAL_CAN_DeInit) refers to stm32f3xx_hal_can.o(.text.HAL_CAN_DeInit) for [Anonymous Symbol]
    stm32f3xx_hal_can.o(.text.HAL_CAN_Stop) refers to stm32f3xx_hal.o(.text.HAL_GetTick) for HAL_GetTick
    stm32f3xx_hal_can.o(.ARM.exidx.text.HAL_CAN_Stop) refers to stm32f3xx_hal_can.o(.text.HAL_CAN_Stop) for [Anonymous Symbol]
    stm32f3xx_hal_can.o(.ARM.exidx.text.HAL_CAN_MspDeInit) refers to stm32f3xx_hal_can.o(.text.HAL_CAN_MspDeInit) for [Anonymous Symbol]
    stm32f3xx_hal_can.o(.ARM.exidx.text.HAL_CAN_ConfigFilter) refers to stm32f3xx_hal_can.o(.text.HAL_CAN_ConfigFilter) for [Anonymous Symbol]
    stm32f3xx_hal_can.o(.text.HAL_CAN_Start) refers to stm32f3xx_hal.o(.text.HAL_GetTick) for HAL_GetTick
    stm32f3xx_hal_can.o(.ARM.exidx.text.HAL_CAN_Start) refers to stm32f3xx_hal_can.o(.text.HAL_CAN_Start) for [Anonymous Symbol]
    stm32f3xx_hal_can.o(.ARM.exidx.text.HAL_CAN_RequestSleep) refers to stm32f3xx_hal_can.o(.text.HAL_CAN_RequestSleep) for [Anonymous Symbol]
    stm32f3xx_hal_can.o(.ARM.exidx.text.HAL_CAN_WakeUp) refers to stm32f3xx_hal_can.o(.text.HAL_CAN_WakeUp) for [Anonymous Symbol]
    stm32f3xx_hal_can.o(.ARM.exidx.text.HAL_CAN_IsSleepActive) refers to stm32f3xx_hal_can.o(.text.HAL_CAN_IsSleepActive) for [Anonymous Symbol]
    stm32f3xx_hal_can.o(.ARM.exidx.text.HAL_CAN_AddTxMessage) refers to stm32f3xx_hal_can.o(.text.HAL_CAN_AddTxMessage) for [Anonymous Symbol]
    stm32f3xx_hal_can.o(.ARM.exidx.text.HAL_CAN_AbortTxRequest) refers to stm32f3xx_hal_can.o(.text.HAL_CAN_AbortTxRequest) for [Anonymous Symbol]
    stm32f3xx_hal_can.o(.ARM.exidx.text.HAL_CAN_GetTxMailboxesFreeLevel) refers to stm32f3xx_hal_can.o(.text.HAL_CAN_GetTxMailboxesFreeLevel) for [Anonymous Symbol]
    stm32f3xx_hal_can.o(.ARM.exidx.text.HAL_CAN_IsTxMessagePending) refers to stm32f3xx_hal_can.o(.text.HAL_CAN_IsTxMessagePending) for [Anonymous Symbol]
    stm32f3xx_hal_can.o(.ARM.exidx.text.HAL_CAN_GetTxTimestamp) refers to stm32f3xx_hal_can.o(.text.HAL_CAN_GetTxTimestamp) for [Anonymous Symbol]
    stm32f3xx_hal_can.o(.ARM.exidx.text.HAL_CAN_GetRxMessage) refers to stm32f3xx_hal_can.o(.text.HAL_CAN_GetRxMessage) for [Anonymous Symbol]
    stm32f3xx_hal_can.o(.ARM.exidx.text.HAL_CAN_GetRxFifoFillLevel) refers to stm32f3xx_hal_can.o(.text.HAL_CAN_GetRxFifoFillLevel) for [Anonymous Symbol]
    stm32f3xx_hal_can.o(.ARM.exidx.text.HAL_CAN_ActivateNotification) refers to stm32f3xx_hal_can.o(.text.HAL_CAN_ActivateNotification) for [Anonymous Symbol]
    stm32f3xx_hal_can.o(.ARM.exidx.text.HAL_CAN_DeactivateNotification) refers to stm32f3xx_hal_can.o(.text.HAL_CAN_DeactivateNotification) for [Anonymous Symbol]
    stm32f3xx_hal_can.o(.text.HAL_CAN_IRQHandler) refers to stm32f3xx_hal_can.o(.text.HAL_CAN_TxMailbox0AbortCallback) for HAL_CAN_TxMailbox0AbortCallback
    stm32f3xx_hal_can.o(.text.HAL_CAN_IRQHandler) refers to stm32f3xx_hal_can.o(.text.HAL_CAN_TxMailbox0CompleteCallback) for HAL_CAN_TxMailbox0CompleteCallback
    stm32f3xx_hal_can.o(.text.HAL_CAN_IRQHandler) refers to stm32f3xx_hal_can.o(.text.HAL_CAN_RxFifo0FullCallback) for HAL_CAN_RxFifo0FullCallback
    stm32f3xx_hal_can.o(.text.HAL_CAN_IRQHandler) refers to stm32f3xx_hal_can.o(.text.HAL_CAN_RxFifo0MsgPendingCallback) for HAL_CAN_RxFifo0MsgPendingCallback
    stm32f3xx_hal_can.o(.text.HAL_CAN_IRQHandler) refers to stm32f3xx_hal_can.o(.text.HAL_CAN_RxFifo1FullCallback) for HAL_CAN_RxFifo1FullCallback
    stm32f3xx_hal_can.o(.text.HAL_CAN_IRQHandler) refers to stm32f3xx_hal_can.o(.text.HAL_CAN_RxFifo1MsgPendingCallback) for HAL_CAN_RxFifo1MsgPendingCallback
    stm32f3xx_hal_can.o(.text.HAL_CAN_IRQHandler) refers to stm32f3xx_hal_can.o(.text.HAL_CAN_SleepCallback) for HAL_CAN_SleepCallback
    stm32f3xx_hal_can.o(.text.HAL_CAN_IRQHandler) refers to stm32f3xx_hal_can.o(.text.HAL_CAN_WakeUpFromRxMsgCallback) for HAL_CAN_WakeUpFromRxMsgCallback
    stm32f3xx_hal_can.o(.text.HAL_CAN_IRQHandler) refers to stm32f3xx_hal_can.o(.text.HAL_CAN_TxMailbox1AbortCallback) for HAL_CAN_TxMailbox1AbortCallback
    stm32f3xx_hal_can.o(.text.HAL_CAN_IRQHandler) refers to stm32f3xx_hal_can.o(.text.HAL_CAN_TxMailbox1CompleteCallback) for HAL_CAN_TxMailbox1CompleteCallback
    stm32f3xx_hal_can.o(.text.HAL_CAN_IRQHandler) refers to stm32f3xx_hal_can.o(.text.HAL_CAN_TxMailbox2AbortCallback) for HAL_CAN_TxMailbox2AbortCallback
    stm32f3xx_hal_can.o(.text.HAL_CAN_IRQHandler) refers to stm32f3xx_hal_can.o(.text.HAL_CAN_TxMailbox2CompleteCallback) for HAL_CAN_TxMailbox2CompleteCallback
    stm32f3xx_hal_can.o(.text.HAL_CAN_IRQHandler) refers to stm32f3xx_hal_can.o(.text.HAL_CAN_ErrorCallback) for HAL_CAN_ErrorCallback
    stm32f3xx_hal_can.o(.ARM.exidx.text.HAL_CAN_IRQHandler) refers to stm32f3xx_hal_can.o(.text.HAL_CAN_IRQHandler) for [Anonymous Symbol]
    stm32f3xx_hal_can.o(.ARM.exidx.text.HAL_CAN_TxMailbox0CompleteCallback) refers to stm32f3xx_hal_can.o(.text.HAL_CAN_TxMailbox0CompleteCallback) for [Anonymous Symbol]
    stm32f3xx_hal_can.o(.ARM.exidx.text.HAL_CAN_TxMailbox0AbortCallback) refers to stm32f3xx_hal_can.o(.text.HAL_CAN_TxMailbox0AbortCallback) for [Anonymous Symbol]
    stm32f3xx_hal_can.o(.ARM.exidx.text.HAL_CAN_TxMailbox1CompleteCallback) refers to stm32f3xx_hal_can.o(.text.HAL_CAN_TxMailbox1CompleteCallback) for [Anonymous Symbol]
    stm32f3xx_hal_can.o(.ARM.exidx.text.HAL_CAN_TxMailbox1AbortCallback) refers to stm32f3xx_hal_can.o(.text.HAL_CAN_TxMailbox1AbortCallback) for [Anonymous Symbol]
    stm32f3xx_hal_can.o(.ARM.exidx.text.HAL_CAN_TxMailbox2CompleteCallback) refers to stm32f3xx_hal_can.o(.text.HAL_CAN_TxMailbox2CompleteCallback) for [Anonymous Symbol]
    stm32f3xx_hal_can.o(.ARM.exidx.text.HAL_CAN_TxMailbox2AbortCallback) refers to stm32f3xx_hal_can.o(.text.HAL_CAN_TxMailbox2AbortCallback) for [Anonymous Symbol]
    stm32f3xx_hal_can.o(.ARM.exidx.text.HAL_CAN_RxFifo0FullCallback) refers to stm32f3xx_hal_can.o(.text.HAL_CAN_RxFifo0FullCallback) for [Anonymous Symbol]
    stm32f3xx_hal_can.o(.ARM.exidx.text.HAL_CAN_RxFifo0MsgPendingCallback) refers to stm32f3xx_hal_can.o(.text.HAL_CAN_RxFifo0MsgPendingCallback) for [Anonymous Symbol]
    stm32f3xx_hal_can.o(.ARM.exidx.text.HAL_CAN_RxFifo1FullCallback) refers to stm32f3xx_hal_can.o(.text.HAL_CAN_RxFifo1FullCallback) for [Anonymous Symbol]
    stm32f3xx_hal_can.o(.ARM.exidx.text.HAL_CAN_RxFifo1MsgPendingCallback) refers to stm32f3xx_hal_can.o(.text.HAL_CAN_RxFifo1MsgPendingCallback) for [Anonymous Symbol]
    stm32f3xx_hal_can.o(.ARM.exidx.text.HAL_CAN_SleepCallback) refers to stm32f3xx_hal_can.o(.text.HAL_CAN_SleepCallback) for [Anonymous Symbol]
    stm32f3xx_hal_can.o(.ARM.exidx.text.HAL_CAN_WakeUpFromRxMsgCallback) refers to stm32f3xx_hal_can.o(.text.HAL_CAN_WakeUpFromRxMsgCallback) for [Anonymous Symbol]
    stm32f3xx_hal_can.o(.ARM.exidx.text.HAL_CAN_ErrorCallback) refers to stm32f3xx_hal_can.o(.text.HAL_CAN_ErrorCallback) for [Anonymous Symbol]
    stm32f3xx_hal_can.o(.ARM.exidx.text.HAL_CAN_GetState) refers to stm32f3xx_hal_can.o(.text.HAL_CAN_GetState) for [Anonymous Symbol]
    stm32f3xx_hal_can.o(.ARM.exidx.text.HAL_CAN_GetError) refers to stm32f3xx_hal_can.o(.text.HAL_CAN_GetError) for [Anonymous Symbol]
    stm32f3xx_hal_can.o(.ARM.exidx.text.HAL_CAN_ResetError) refers to stm32f3xx_hal_can.o(.text.HAL_CAN_ResetError) for [Anonymous Symbol]
    stm32f3xx_hal_tim.o(.text.HAL_TIM_Base_Init) refers to stm32f3xx_hal_msp.o(.text.HAL_TIM_Base_MspInit) for HAL_TIM_Base_MspInit
    stm32f3xx_hal_tim.o(.text.HAL_TIM_Base_Init) refers to stm32f3xx_hal_tim.o(.text.TIM_Base_SetConfig) for TIM_Base_SetConfig
    stm32f3xx_hal_tim.o(.ARM.exidx.text.HAL_TIM_Base_Init) refers to stm32f3xx_hal_tim.o(.text.HAL_TIM_Base_Init) for [Anonymous Symbol]
    stm32f3xx_hal_tim.o(.ARM.exidx.text.HAL_TIM_Base_MspInit) refers to stm32f3xx_hal_tim.o(.text.HAL_TIM_Base_MspInit) for [Anonymous Symbol]
    stm32f3xx_hal_tim.o(.ARM.exidx.text.TIM_Base_SetConfig) refers to stm32f3xx_hal_tim.o(.text.TIM_Base_SetConfig) for [Anonymous Symbol]
    stm32f3xx_hal_tim.o(.text.HAL_TIM_Base_DeInit) refers to stm32f3xx_hal_msp.o(.text.HAL_TIM_Base_MspDeInit) for HAL_TIM_Base_MspDeInit
    stm32f3xx_hal_tim.o(.ARM.exidx.text.HAL_TIM_Base_DeInit) refers to stm32f3xx_hal_tim.o(.text.HAL_TIM_Base_DeInit) for [Anonymous Symbol]
    stm32f3xx_hal_tim.o(.ARM.exidx.text.HAL_TIM_Base_MspDeInit) refers to stm32f3xx_hal_tim.o(.text.HAL_TIM_Base_MspDeInit) for [Anonymous Symbol]
    stm32f3xx_hal_tim.o(.ARM.exidx.text.HAL_TIM_Base_Start) refers to stm32f3xx_hal_tim.o(.text.HAL_TIM_Base_Start) for [Anonymous Symbol]
    stm32f3xx_hal_tim.o(.ARM.exidx.text.HAL_TIM_Base_Stop) refers to stm32f3xx_hal_tim.o(.text.HAL_TIM_Base_Stop) for [Anonymous Symbol]
    stm32f3xx_hal_tim.o(.ARM.exidx.text.HAL_TIM_Base_Start_IT) refers to stm32f3xx_hal_tim.o(.text.HAL_TIM_Base_Start_IT) for [Anonymous Symbol]
    stm32f3xx_hal_tim.o(.ARM.exidx.text.HAL_TIM_Base_Stop_IT) refers to stm32f3xx_hal_tim.o(.text.HAL_TIM_Base_Stop_IT) for [Anonymous Symbol]
    stm32f3xx_hal_tim.o(.text.HAL_TIM_Base_Start_DMA) refers to stm32f3xx_hal_tim.o(.text.TIM_DMAPeriodElapsedCplt) for TIM_DMAPeriodElapsedCplt
    stm32f3xx_hal_tim.o(.text.HAL_TIM_Base_Start_DMA) refers to stm32f3xx_hal_tim.o(.text.TIM_DMAPeriodElapsedHalfCplt) for TIM_DMAPeriodElapsedHalfCplt
    stm32f3xx_hal_tim.o(.text.HAL_TIM_Base_Start_DMA) refers to stm32f3xx_hal_tim.o(.text.TIM_DMAError) for TIM_DMAError
    stm32f3xx_hal_tim.o(.text.HAL_TIM_Base_Start_DMA) refers to stm32f3xx_hal_dma.o(.text.HAL_DMA_Start_IT) for HAL_DMA_Start_IT
    stm32f3xx_hal_tim.o(.ARM.exidx.text.HAL_TIM_Base_Start_DMA) refers to stm32f3xx_hal_tim.o(.text.HAL_TIM_Base_Start_DMA) for [Anonymous Symbol]
    stm32f3xx_hal_tim.o(.text.TIM_DMAPeriodElapsedCplt) refers to display.o(.text.HAL_TIM_PeriodElapsedCallback) for HAL_TIM_PeriodElapsedCallback
    stm32f3xx_hal_tim.o(.ARM.exidx.text.TIM_DMAPeriodElapsedCplt) refers to stm32f3xx_hal_tim.o(.text.TIM_DMAPeriodElapsedCplt) for [Anonymous Symbol]
    stm32f3xx_hal_tim.o(.text.TIM_DMAPeriodElapsedHalfCplt) refers to stm32f3xx_hal_tim.o(.text.HAL_TIM_PeriodElapsedHalfCpltCallback) for HAL_TIM_PeriodElapsedHalfCpltCallback
    stm32f3xx_hal_tim.o(.ARM.exidx.text.TIM_DMAPeriodElapsedHalfCplt) refers to stm32f3xx_hal_tim.o(.text.TIM_DMAPeriodElapsedHalfCplt) for [Anonymous Symbol]
    stm32f3xx_hal_tim.o(.text.TIM_DMAError) refers to stm32f3xx_hal_tim.o(.text.HAL_TIM_ErrorCallback) for HAL_TIM_ErrorCallback
    stm32f3xx_hal_tim.o(.ARM.exidx.text.TIM_DMAError) refers to stm32f3xx_hal_tim.o(.text.TIM_DMAError) for [Anonymous Symbol]
    stm32f3xx_hal_tim.o(.text.HAL_TIM_Base_Stop_DMA) refers to stm32f3xx_hal_dma.o(.text.HAL_DMA_Abort_IT) for HAL_DMA_Abort_IT
    stm32f3xx_hal_tim.o(.ARM.exidx.text.HAL_TIM_Base_Stop_DMA) refers to stm32f3xx_hal_tim.o(.text.HAL_TIM_Base_Stop_DMA) for [Anonymous Symbol]
    stm32f3xx_hal_tim.o(.text.HAL_TIM_OC_Init) refers to stm32f3xx_hal_tim.o(.text.HAL_TIM_OC_MspInit) for HAL_TIM_OC_MspInit
    stm32f3xx_hal_tim.o(.text.HAL_TIM_OC_Init) refers to stm32f3xx_hal_tim.o(.text.TIM_Base_SetConfig) for TIM_Base_SetConfig
    stm32f3xx_hal_tim.o(.ARM.exidx.text.HAL_TIM_OC_Init) refers to stm32f3xx_hal_tim.o(.text.HAL_TIM_OC_Init) for [Anonymous Symbol]
    stm32f3xx_hal_tim.o(.ARM.exidx.text.HAL_TIM_OC_MspInit) refers to stm32f3xx_hal_tim.o(.text.HAL_TIM_OC_MspInit) for [Anonymous Symbol]
    stm32f3xx_hal_tim.o(.text.HAL_TIM_OC_DeInit) refers to stm32f3xx_hal_tim.o(.text.HAL_TIM_OC_MspDeInit) for HAL_TIM_OC_MspDeInit
    stm32f3xx_hal_tim.o(.ARM.exidx.text.HAL_TIM_OC_DeInit) refers to stm32f3xx_hal_tim.o(.text.HAL_TIM_OC_DeInit) for [Anonymous Symbol]
    stm32f3xx_hal_tim.o(.ARM.exidx.text.HAL_TIM_OC_MspDeInit) refers to stm32f3xx_hal_tim.o(.text.HAL_TIM_OC_MspDeInit) for [Anonymous Symbol]
    stm32f3xx_hal_tim.o(.ARM.exidx.text.HAL_TIM_OC_Start) refers to stm32f3xx_hal_tim.o(.text.HAL_TIM_OC_Start) for [Anonymous Symbol]
    stm32f3xx_hal_tim.o(.ARM.exidx.text.TIM_CCxChannelCmd) refers to stm32f3xx_hal_tim.o(.text.TIM_CCxChannelCmd) for [Anonymous Symbol]
    stm32f3xx_hal_tim.o(.ARM.exidx.text.HAL_TIM_OC_Stop) refers to stm32f3xx_hal_tim.o(.text.HAL_TIM_OC_Stop) for [Anonymous Symbol]
    stm32f3xx_hal_tim.o(.text.HAL_TIM_OC_Start_IT) refers to stm32f3xx_hal_tim.o(.rodata.cst16) for .Lswitch.table.HAL_TIM_IC_Start_IT
    stm32f3xx_hal_tim.o(.ARM.exidx.text.HAL_TIM_OC_Start_IT) refers to stm32f3xx_hal_tim.o(.text.HAL_TIM_OC_Start_IT) for [Anonymous Symbol]
    stm32f3xx_hal_tim.o(.text.HAL_TIM_OC_Stop_IT) refers to stm32f3xx_hal_tim.o(.rodata.cst16) for .Lswitch.table.HAL_TIM_IC_Stop_IT
    stm32f3xx_hal_tim.o(.ARM.exidx.text.HAL_TIM_OC_Stop_IT) refers to stm32f3xx_hal_tim.o(.text.HAL_TIM_OC_Stop_IT) for [Anonymous Symbol]
    stm32f3xx_hal_tim.o(.text.HAL_TIM_OC_Start_DMA) refers to stm32f3xx_hal_tim.o(.text.TIM_DMADelayPulseCplt) for TIM_DMADelayPulseCplt
    stm32f3xx_hal_tim.o(.text.HAL_TIM_OC_Start_DMA) refers to stm32f3xx_hal_tim.o(.text.TIM_DMADelayPulseHalfCplt) for TIM_DMADelayPulseHalfCplt
    stm32f3xx_hal_tim.o(.text.HAL_TIM_OC_Start_DMA) refers to stm32f3xx_hal_tim.o(.text.TIM_DMAError) for TIM_DMAError
    stm32f3xx_hal_tim.o(.text.HAL_TIM_OC_Start_DMA) refers to stm32f3xx_hal_dma.o(.text.HAL_DMA_Start_IT) for HAL_DMA_Start_IT
    stm32f3xx_hal_tim.o(.ARM.exidx.text.HAL_TIM_OC_Start_DMA) refers to stm32f3xx_hal_tim.o(.text.HAL_TIM_OC_Start_DMA) for [Anonymous Symbol]
    stm32f3xx_hal_tim.o(.text.TIM_DMADelayPulseCplt) refers to stm32f3xx_hal_tim.o(.text.HAL_TIM_PWM_PulseFinishedCallback) for HAL_TIM_PWM_PulseFinishedCallback
    stm32f3xx_hal_tim.o(.ARM.exidx.text.TIM_DMADelayPulseCplt) refers to stm32f3xx_hal_tim.o(.text.TIM_DMADelayPulseCplt) for [Anonymous Symbol]
    stm32f3xx_hal_tim.o(.text.TIM_DMADelayPulseHalfCplt) refers to stm32f3xx_hal_tim.o(.text.HAL_TIM_PWM_PulseFinishedHalfCpltCallback) for HAL_TIM_PWM_PulseFinishedHalfCpltCallback
    stm32f3xx_hal_tim.o(.ARM.exidx.text.TIM_DMADelayPulseHalfCplt) refers to stm32f3xx_hal_tim.o(.text.TIM_DMADelayPulseHalfCplt) for [Anonymous Symbol]
    stm32f3xx_hal_tim.o(.text.HAL_TIM_OC_Stop_DMA) refers to stm32f3xx_hal_dma.o(.text.HAL_DMA_Abort_IT) for HAL_DMA_Abort_IT
    stm32f3xx_hal_tim.o(.ARM.exidx.text.HAL_TIM_OC_Stop_DMA) refers to stm32f3xx_hal_tim.o(.text.HAL_TIM_OC_Stop_DMA) for [Anonymous Symbol]
    stm32f3xx_hal_tim.o(.text.HAL_TIM_PWM_Init) refers to stm32f3xx_hal_tim.o(.text.HAL_TIM_PWM_MspInit) for HAL_TIM_PWM_MspInit
    stm32f3xx_hal_tim.o(.text.HAL_TIM_PWM_Init) refers to stm32f3xx_hal_tim.o(.text.TIM_Base_SetConfig) for TIM_Base_SetConfig
    stm32f3xx_hal_tim.o(.ARM.exidx.text.HAL_TIM_PWM_Init) refers to stm32f3xx_hal_tim.o(.text.HAL_TIM_PWM_Init) for [Anonymous Symbol]
    stm32f3xx_hal_tim.o(.ARM.exidx.text.HAL_TIM_PWM_MspInit) refers to stm32f3xx_hal_tim.o(.text.HAL_TIM_PWM_MspInit) for [Anonymous Symbol]
    stm32f3xx_hal_tim.o(.text.HAL_TIM_PWM_DeInit) refers to stm32f3xx_hal_tim.o(.text.HAL_TIM_PWM_MspDeInit) for HAL_TIM_PWM_MspDeInit
    stm32f3xx_hal_tim.o(.ARM.exidx.text.HAL_TIM_PWM_DeInit) refers to stm32f3xx_hal_tim.o(.text.HAL_TIM_PWM_DeInit) for [Anonymous Symbol]
    stm32f3xx_hal_tim.o(.ARM.exidx.text.HAL_TIM_PWM_MspDeInit) refers to stm32f3xx_hal_tim.o(.text.HAL_TIM_PWM_MspDeInit) for [Anonymous Symbol]
    stm32f3xx_hal_tim.o(.ARM.exidx.text.HAL_TIM_PWM_Start) refers to stm32f3xx_hal_tim.o(.text.HAL_TIM_PWM_Start) for [Anonymous Symbol]
    stm32f3xx_hal_tim.o(.ARM.exidx.text.HAL_TIM_PWM_Stop) refers to stm32f3xx_hal_tim.o(.text.HAL_TIM_PWM_Stop) for [Anonymous Symbol]
    stm32f3xx_hal_tim.o(.text.HAL_TIM_PWM_Start_IT) refers to stm32f3xx_hal_tim.o(.rodata.cst16) for .Lswitch.table.HAL_TIM_IC_Start_IT
    stm32f3xx_hal_tim.o(.ARM.exidx.text.HAL_TIM_PWM_Start_IT) refers to stm32f3xx_hal_tim.o(.text.HAL_TIM_PWM_Start_IT) for [Anonymous Symbol]
    stm32f3xx_hal_tim.o(.text.HAL_TIM_PWM_Stop_IT) refers to stm32f3xx_hal_tim.o(.rodata.cst16) for .Lswitch.table.HAL_TIM_IC_Stop_IT
    stm32f3xx_hal_tim.o(.ARM.exidx.text.HAL_TIM_PWM_Stop_IT) refers to stm32f3xx_hal_tim.o(.text.HAL_TIM_PWM_Stop_IT) for [Anonymous Symbol]
    stm32f3xx_hal_tim.o(.text.HAL_TIM_PWM_Start_DMA) refers to stm32f3xx_hal_tim.o(.text.TIM_DMADelayPulseCplt) for TIM_DMADelayPulseCplt
    stm32f3xx_hal_tim.o(.text.HAL_TIM_PWM_Start_DMA) refers to stm32f3xx_hal_tim.o(.text.TIM_DMADelayPulseHalfCplt) for TIM_DMADelayPulseHalfCplt
    stm32f3xx_hal_tim.o(.text.HAL_TIM_PWM_Start_DMA) refers to stm32f3xx_hal_tim.o(.text.TIM_DMAError) for TIM_DMAError
    stm32f3xx_hal_tim.o(.text.HAL_TIM_PWM_Start_DMA) refers to stm32f3xx_hal_dma.o(.text.HAL_DMA_Start_IT) for HAL_DMA_Start_IT
    stm32f3xx_hal_tim.o(.ARM.exidx.text.HAL_TIM_PWM_Start_DMA) refers to stm32f3xx_hal_tim.o(.text.HAL_TIM_PWM_Start_DMA) for [Anonymous Symbol]
    stm32f3xx_hal_tim.o(.text.HAL_TIM_PWM_Stop_DMA) refers to stm32f3xx_hal_dma.o(.text.HAL_DMA_Abort_IT) for HAL_DMA_Abort_IT
    stm32f3xx_hal_tim.o(.ARM.exidx.text.HAL_TIM_PWM_Stop_DMA) refers to stm32f3xx_hal_tim.o(.text.HAL_TIM_PWM_Stop_DMA) for [Anonymous Symbol]
    stm32f3xx_hal_tim.o(.text.HAL_TIM_IC_Init) refers to stm32f3xx_hal_tim.o(.text.HAL_TIM_IC_MspInit) for HAL_TIM_IC_MspInit
    stm32f3xx_hal_tim.o(.text.HAL_TIM_IC_Init) refers to stm32f3xx_hal_tim.o(.text.TIM_Base_SetConfig) for TIM_Base_SetConfig
    stm32f3xx_hal_tim.o(.ARM.exidx.text.HAL_TIM_IC_Init) refers to stm32f3xx_hal_tim.o(.text.HAL_TIM_IC_Init) for [Anonymous Symbol]
    stm32f3xx_hal_tim.o(.ARM.exidx.text.HAL_TIM_IC_MspInit) refers to stm32f3xx_hal_tim.o(.text.HAL_TIM_IC_MspInit) for [Anonymous Symbol]
    stm32f3xx_hal_tim.o(.text.HAL_TIM_IC_DeInit) refers to stm32f3xx_hal_tim.o(.text.HAL_TIM_IC_MspDeInit) for HAL_TIM_IC_MspDeInit
    stm32f3xx_hal_tim.o(.ARM.exidx.text.HAL_TIM_IC_DeInit) refers to stm32f3xx_hal_tim.o(.text.HAL_TIM_IC_DeInit) for [Anonymous Symbol]
    stm32f3xx_hal_tim.o(.ARM.exidx.text.HAL_TIM_IC_MspDeInit) refers to stm32f3xx_hal_tim.o(.text.HAL_TIM_IC_MspDeInit) for [Anonymous Symbol]
    stm32f3xx_hal_tim.o(.ARM.exidx.text.HAL_TIM_IC_Start) refers to stm32f3xx_hal_tim.o(.text.HAL_TIM_IC_Start) for [Anonymous Symbol]
    stm32f3xx_hal_tim.o(.ARM.exidx.text.HAL_TIM_IC_Stop) refers to stm32f3xx_hal_tim.o(.text.HAL_TIM_IC_Stop) for [Anonymous Symbol]
    stm32f3xx_hal_tim.o(.text.HAL_TIM_IC_Start_IT) refers to stm32f3xx_hal_tim.o(.rodata.cst16) for .Lswitch.table.HAL_TIM_IC_Start_IT
    stm32f3xx_hal_tim.o(.ARM.exidx.text.HAL_TIM_IC_Start_IT) refers to stm32f3xx_hal_tim.o(.text.HAL_TIM_IC_Start_IT) for [Anonymous Symbol]
    stm32f3xx_hal_tim.o(.text.HAL_TIM_IC_Stop_IT) refers to stm32f3xx_hal_tim.o(.rodata.cst16) for .Lswitch.table.HAL_TIM_IC_Stop_IT
    stm32f3xx_hal_tim.o(.ARM.exidx.text.HAL_TIM_IC_Stop_IT) refers to stm32f3xx_hal_tim.o(.text.HAL_TIM_IC_Stop_IT) for [Anonymous Symbol]
    stm32f3xx_hal_tim.o(.text.HAL_TIM_IC_Start_DMA) refers to stm32f3xx_hal_tim.o(.text.TIM_DMACaptureCplt) for TIM_DMACaptureCplt
    stm32f3xx_hal_tim.o(.text.HAL_TIM_IC_Start_DMA) refers to stm32f3xx_hal_tim.o(.text.TIM_DMACaptureHalfCplt) for TIM_DMACaptureHalfCplt
    stm32f3xx_hal_tim.o(.text.HAL_TIM_IC_Start_DMA) refers to stm32f3xx_hal_tim.o(.text.TIM_DMAError) for TIM_DMAError
    stm32f3xx_hal_tim.o(.text.HAL_TIM_IC_Start_DMA) refers to stm32f3xx_hal_dma.o(.text.HAL_DMA_Start_IT) for HAL_DMA_Start_IT
    stm32f3xx_hal_tim.o(.ARM.exidx.text.HAL_TIM_IC_Start_DMA) refers to stm32f3xx_hal_tim.o(.text.HAL_TIM_IC_Start_DMA) for [Anonymous Symbol]
    stm32f3xx_hal_tim.o(.text.TIM_DMACaptureCplt) refers to stm32f3xx_hal_tim.o(.text.HAL_TIM_IC_CaptureCallback) for HAL_TIM_IC_CaptureCallback
    stm32f3xx_hal_tim.o(.ARM.exidx.text.TIM_DMACaptureCplt) refers to stm32f3xx_hal_tim.o(.text.TIM_DMACaptureCplt) for [Anonymous Symbol]
    stm32f3xx_hal_tim.o(.text.TIM_DMACaptureHalfCplt) refers to stm32f3xx_hal_tim.o(.text.HAL_TIM_IC_CaptureHalfCpltCallback) for HAL_TIM_IC_CaptureHalfCpltCallback
    stm32f3xx_hal_tim.o(.ARM.exidx.text.TIM_DMACaptureHalfCplt) refers to stm32f3xx_hal_tim.o(.text.TIM_DMACaptureHalfCplt) for [Anonymous Symbol]
    stm32f3xx_hal_tim.o(.text.HAL_TIM_IC_Stop_DMA) refers to stm32f3xx_hal_dma.o(.text.HAL_DMA_Abort_IT) for HAL_DMA_Abort_IT
    stm32f3xx_hal_tim.o(.ARM.exidx.text.HAL_TIM_IC_Stop_DMA) refers to stm32f3xx_hal_tim.o(.text.HAL_TIM_IC_Stop_DMA) for [Anonymous Symbol]
    stm32f3xx_hal_tim.o(.text.HAL_TIM_OnePulse_Init) refers to stm32f3xx_hal_tim.o(.text.HAL_TIM_OnePulse_MspInit) for HAL_TIM_OnePulse_MspInit
    stm32f3xx_hal_tim.o(.text.HAL_TIM_OnePulse_Init) refers to stm32f3xx_hal_tim.o(.text.TIM_Base_SetConfig) for TIM_Base_SetConfig
    stm32f3xx_hal_tim.o(.ARM.exidx.text.HAL_TIM_OnePulse_Init) refers to stm32f3xx_hal_tim.o(.text.HAL_TIM_OnePulse_Init) for [Anonymous Symbol]
    stm32f3xx_hal_tim.o(.ARM.exidx.text.HAL_TIM_OnePulse_MspInit) refers to stm32f3xx_hal_tim.o(.text.HAL_TIM_OnePulse_MspInit) for [Anonymous Symbol]
    stm32f3xx_hal_tim.o(.text.HAL_TIM_OnePulse_DeInit) refers to stm32f3xx_hal_tim.o(.text.HAL_TIM_OnePulse_MspDeInit) for HAL_TIM_OnePulse_MspDeInit
    stm32f3xx_hal_tim.o(.ARM.exidx.text.HAL_TIM_OnePulse_DeInit) refers to stm32f3xx_hal_tim.o(.text.HAL_TIM_OnePulse_DeInit) for [Anonymous Symbol]
    stm32f3xx_hal_tim.o(.ARM.exidx.text.HAL_TIM_OnePulse_MspDeInit) refers to stm32f3xx_hal_tim.o(.text.HAL_TIM_OnePulse_MspDeInit) for [Anonymous Symbol]
    stm32f3xx_hal_tim.o(.ARM.exidx.text.HAL_TIM_OnePulse_Start) refers to stm32f3xx_hal_tim.o(.text.HAL_TIM_OnePulse_Start) for [Anonymous Symbol]
    stm32f3xx_hal_tim.o(.ARM.exidx.text.HAL_TIM_OnePulse_Stop) refers to stm32f3xx_hal_tim.o(.text.HAL_TIM_OnePulse_Stop) for [Anonymous Symbol]
    stm32f3xx_hal_tim.o(.ARM.exidx.text.HAL_TIM_OnePulse_Start_IT) refers to stm32f3xx_hal_tim.o(.text.HAL_TIM_OnePulse_Start_IT) for [Anonymous Symbol]
    stm32f3xx_hal_tim.o(.ARM.exidx.text.HAL_TIM_OnePulse_Stop_IT) refers to stm32f3xx_hal_tim.o(.text.HAL_TIM_OnePulse_Stop_IT) for [Anonymous Symbol]
    stm32f3xx_hal_tim.o(.text.HAL_TIM_Encoder_Init) refers to stm32f3xx_hal_tim.o(.text.HAL_TIM_Encoder_MspInit) for HAL_TIM_Encoder_MspInit
    stm32f3xx_hal_tim.o(.text.HAL_TIM_Encoder_Init) refers to stm32f3xx_hal_tim.o(.text.TIM_Base_SetConfig) for TIM_Base_SetConfig
    stm32f3xx_hal_tim.o(.ARM.exidx.text.HAL_TIM_Encoder_Init) refers to stm32f3xx_hal_tim.o(.text.HAL_TIM_Encoder_Init) for [Anonymous Symbol]
    stm32f3xx_hal_tim.o(.ARM.exidx.text.HAL_TIM_Encoder_MspInit) refers to stm32f3xx_hal_tim.o(.text.HAL_TIM_Encoder_MspInit) for [Anonymous Symbol]
    stm32f3xx_hal_tim.o(.text.HAL_TIM_Encoder_DeInit) refers to stm32f3xx_hal_tim.o(.text.HAL_TIM_Encoder_MspDeInit) for HAL_TIM_Encoder_MspDeInit
    stm32f3xx_hal_tim.o(.ARM.exidx.text.HAL_TIM_Encoder_DeInit) refers to stm32f3xx_hal_tim.o(.text.HAL_TIM_Encoder_DeInit) for [Anonymous Symbol]
    stm32f3xx_hal_tim.o(.ARM.exidx.text.HAL_TIM_Encoder_MspDeInit) refers to stm32f3xx_hal_tim.o(.text.HAL_TIM_Encoder_MspDeInit) for [Anonymous Symbol]
    stm32f3xx_hal_tim.o(.ARM.exidx.text.HAL_TIM_Encoder_Start) refers to stm32f3xx_hal_tim.o(.text.HAL_TIM_Encoder_Start) for [Anonymous Symbol]
    stm32f3xx_hal_tim.o(.ARM.exidx.text.HAL_TIM_Encoder_Stop) refers to stm32f3xx_hal_tim.o(.text.HAL_TIM_Encoder_Stop) for [Anonymous Symbol]
    stm32f3xx_hal_tim.o(.ARM.exidx.text.HAL_TIM_Encoder_Start_IT) refers to stm32f3xx_hal_tim.o(.text.HAL_TIM_Encoder_Start_IT) for [Anonymous Symbol]
    stm32f3xx_hal_tim.o(.ARM.exidx.text.HAL_TIM_Encoder_Stop_IT) refers to stm32f3xx_hal_tim.o(.text.HAL_TIM_Encoder_Stop_IT) for [Anonymous Symbol]
    stm32f3xx_hal_tim.o(.text.HAL_TIM_Encoder_Start_DMA) refers to stm32f3xx_hal_tim.o(.text.TIM_DMACaptureCplt) for TIM_DMACaptureCplt
    stm32f3xx_hal_tim.o(.text.HAL_TIM_Encoder_Start_DMA) refers to stm32f3xx_hal_tim.o(.text.TIM_DMACaptureHalfCplt) for TIM_DMACaptureHalfCplt
    stm32f3xx_hal_tim.o(.text.HAL_TIM_Encoder_Start_DMA) refers to stm32f3xx_hal_tim.o(.text.TIM_DMAError) for TIM_DMAError
    stm32f3xx_hal_tim.o(.text.HAL_TIM_Encoder_Start_DMA) refers to stm32f3xx_hal_dma.o(.text.HAL_DMA_Start_IT) for HAL_DMA_Start_IT
    stm32f3xx_hal_tim.o(.ARM.exidx.text.HAL_TIM_Encoder_Start_DMA) refers to stm32f3xx_hal_tim.o(.text.HAL_TIM_Encoder_Start_DMA) for [Anonymous Symbol]
    stm32f3xx_hal_tim.o(.text.HAL_TIM_Encoder_Stop_DMA) refers to stm32f3xx_hal_dma.o(.text.HAL_DMA_Abort_IT) for HAL_DMA_Abort_IT
    stm32f3xx_hal_tim.o(.ARM.exidx.text.HAL_TIM_Encoder_Stop_DMA) refers to stm32f3xx_hal_tim.o(.text.HAL_TIM_Encoder_Stop_DMA) for [Anonymous Symbol]
    stm32f3xx_hal_tim.o(.text.HAL_TIM_IRQHandler) refers to stm32f3xx_hal_tim_ex.o(.text.HAL_TIMEx_CommutCallback) for HAL_TIMEx_CommutCallback
    stm32f3xx_hal_tim.o(.text.HAL_TIM_IRQHandler) refers to stm32f3xx_hal_tim.o(.text.HAL_TIM_IC_CaptureCallback) for HAL_TIM_IC_CaptureCallback
    stm32f3xx_hal_tim.o(.text.HAL_TIM_IRQHandler) refers to display.o(.text.HAL_TIM_PeriodElapsedCallback) for HAL_TIM_PeriodElapsedCallback
    stm32f3xx_hal_tim.o(.text.HAL_TIM_IRQHandler) refers to stm32f3xx_hal_tim_ex.o(.text.HAL_TIMEx_BreakCallback) for HAL_TIMEx_BreakCallback
    stm32f3xx_hal_tim.o(.text.HAL_TIM_IRQHandler) refers to stm32f3xx_hal_tim_ex.o(.text.HAL_TIMEx_Break2Callback) for HAL_TIMEx_Break2Callback
    stm32f3xx_hal_tim.o(.text.HAL_TIM_IRQHandler) refers to stm32f3xx_hal_tim.o(.text.HAL_TIM_TriggerCallback) for HAL_TIM_TriggerCallback
    stm32f3xx_hal_tim.o(.text.HAL_TIM_IRQHandler) refers to stm32f3xx_hal_tim.o(.text.HAL_TIM_OC_DelayElapsedCallback) for HAL_TIM_OC_DelayElapsedCallback
    stm32f3xx_hal_tim.o(.text.HAL_TIM_IRQHandler) refers to stm32f3xx_hal_tim.o(.text.HAL_TIM_PWM_PulseFinishedCallback) for HAL_TIM_PWM_PulseFinishedCallback
    stm32f3xx_hal_tim.o(.ARM.exidx.text.HAL_TIM_IRQHandler) refers to stm32f3xx_hal_tim.o(.text.HAL_TIM_IRQHandler) for [Anonymous Symbol]
    stm32f3xx_hal_tim.o(.ARM.exidx.text.HAL_TIM_IC_CaptureCallback) refers to stm32f3xx_hal_tim.o(.text.HAL_TIM_IC_CaptureCallback) for [Anonymous Symbol]
    stm32f3xx_hal_tim.o(.ARM.exidx.text.HAL_TIM_OC_DelayElapsedCallback) refers to stm32f3xx_hal_tim.o(.text.HAL_TIM_OC_DelayElapsedCallback) for [Anonymous Symbol]
    stm32f3xx_hal_tim.o(.ARM.exidx.text.HAL_TIM_PWM_PulseFinishedCallback) refers to stm32f3xx_hal_tim.o(.text.HAL_TIM_PWM_PulseFinishedCallback) for [Anonymous Symbol]
    stm32f3xx_hal_tim.o(.ARM.exidx.text.HAL_TIM_PeriodElapsedCallback) refers to stm32f3xx_hal_tim.o(.text.HAL_TIM_PeriodElapsedCallback) for [Anonymous Symbol]
    stm32f3xx_hal_tim.o(.ARM.exidx.text.HAL_TIM_TriggerCallback) refers to stm32f3xx_hal_tim.o(.text.HAL_TIM_TriggerCallback) for [Anonymous Symbol]
    stm32f3xx_hal_tim.o(.ARM.exidx.text.HAL_TIM_OC_ConfigChannel) refers to stm32f3xx_hal_tim.o(.text.HAL_TIM_OC_ConfigChannel) for [Anonymous Symbol]
    stm32f3xx_hal_tim.o(.ARM.exidx.text.TIM_OC2_SetConfig) refers to stm32f3xx_hal_tim.o(.text.TIM_OC2_SetConfig) for [Anonymous Symbol]
    stm32f3xx_hal_tim.o(.ARM.exidx.text.HAL_TIM_IC_ConfigChannel) refers to stm32f3xx_hal_tim.o(.text.HAL_TIM_IC_ConfigChannel) for [Anonymous Symbol]
    stm32f3xx_hal_tim.o(.ARM.exidx.text.TIM_TI1_SetConfig) refers to stm32f3xx_hal_tim.o(.text.TIM_TI1_SetConfig) for [Anonymous Symbol]
    stm32f3xx_hal_tim.o(.ARM.exidx.text.HAL_TIM_PWM_ConfigChannel) refers to stm32f3xx_hal_tim.o(.text.HAL_TIM_PWM_ConfigChannel) for [Anonymous Symbol]
    stm32f3xx_hal_tim.o(.ARM.exidx.text.HAL_TIM_OnePulse_ConfigChannel) refers to stm32f3xx_hal_tim.o(.text.HAL_TIM_OnePulse_ConfigChannel) for [Anonymous Symbol]
    stm32f3xx_hal_tim.o(.text.HAL_TIM_DMABurst_WriteStart) refers to stm32f3xx_hal_tim.o(.text.HAL_TIM_DMABurst_MultiWriteStart) for HAL_TIM_DMABurst_MultiWriteStart
    stm32f3xx_hal_tim.o(.ARM.exidx.text.HAL_TIM_DMABurst_WriteStart) refers to stm32f3xx_hal_tim.o(.text.HAL_TIM_DMABurst_WriteStart) for [Anonymous Symbol]
    stm32f3xx_hal_tim.o(.text.HAL_TIM_DMABurst_MultiWriteStart) refers to stm32f3xx_hal_tim.o(.text.TIM_DMADelayPulseCplt) for TIM_DMADelayPulseCplt
    stm32f3xx_hal_tim.o(.text.HAL_TIM_DMABurst_MultiWriteStart) refers to stm32f3xx_hal_tim.o(.text.TIM_DMADelayPulseHalfCplt) for TIM_DMADelayPulseHalfCplt
    stm32f3xx_hal_tim.o(.text.HAL_TIM_DMABurst_MultiWriteStart) refers to stm32f3xx_hal_tim.o(.text.TIM_DMAError) for TIM_DMAError
    stm32f3xx_hal_tim.o(.text.HAL_TIM_DMABurst_MultiWriteStart) refers to stm32f3xx_hal_tim.o(.text.TIM_DMATriggerCplt) for TIM_DMATriggerCplt
    stm32f3xx_hal_tim.o(.text.HAL_TIM_DMABurst_MultiWriteStart) refers to stm32f3xx_hal_tim.o(.text.TIM_DMATriggerHalfCplt) for TIM_DMATriggerHalfCplt
    stm32f3xx_hal_tim.o(.text.HAL_TIM_DMABurst_MultiWriteStart) refers to stm32f3xx_hal_tim.o(.text.TIM_DMAPeriodElapsedCplt) for TIM_DMAPeriodElapsedCplt
    stm32f3xx_hal_tim.o(.text.HAL_TIM_DMABurst_MultiWriteStart) refers to stm32f3xx_hal_tim.o(.text.TIM_DMAPeriodElapsedHalfCplt) for TIM_DMAPeriodElapsedHalfCplt
    stm32f3xx_hal_tim.o(.text.HAL_TIM_DMABurst_MultiWriteStart) refers to stm32f3xx_hal_tim_ex.o(.text.TIMEx_DMACommutationCplt) for TIMEx_DMACommutationCplt
    stm32f3xx_hal_tim.o(.text.HAL_TIM_DMABurst_MultiWriteStart) refers to stm32f3xx_hal_tim_ex.o(.text.TIMEx_DMACommutationHalfCplt) for TIMEx_DMACommutationHalfCplt
    stm32f3xx_hal_tim.o(.text.HAL_TIM_DMABurst_MultiWriteStart) refers to stm32f3xx_hal_dma.o(.text.HAL_DMA_Start_IT) for HAL_DMA_Start_IT
    stm32f3xx_hal_tim.o(.ARM.exidx.text.HAL_TIM_DMABurst_MultiWriteStart) refers to stm32f3xx_hal_tim.o(.text.HAL_TIM_DMABurst_MultiWriteStart) for [Anonymous Symbol]
    stm32f3xx_hal_tim.o(.text.TIM_DMATriggerCplt) refers to stm32f3xx_hal_tim.o(.text.HAL_TIM_TriggerCallback) for HAL_TIM_TriggerCallback
    stm32f3xx_hal_tim.o(.ARM.exidx.text.TIM_DMATriggerCplt) refers to stm32f3xx_hal_tim.o(.text.TIM_DMATriggerCplt) for [Anonymous Symbol]
    stm32f3xx_hal_tim.o(.text.TIM_DMATriggerHalfCplt) refers to stm32f3xx_hal_tim.o(.text.HAL_TIM_TriggerHalfCpltCallback) for HAL_TIM_TriggerHalfCpltCallback
    stm32f3xx_hal_tim.o(.ARM.exidx.text.TIM_DMATriggerHalfCplt) refers to stm32f3xx_hal_tim.o(.text.TIM_DMATriggerHalfCplt) for [Anonymous Symbol]
    stm32f3xx_hal_tim.o(.text.HAL_TIM_DMABurst_WriteStop) refers to stm32f3xx_hal_dma.o(.text.HAL_DMA_Abort_IT) for HAL_DMA_Abort_IT
    stm32f3xx_hal_tim.o(.ARM.exidx.text.HAL_TIM_DMABurst_WriteStop) refers to stm32f3xx_hal_tim.o(.text.HAL_TIM_DMABurst_WriteStop) for [Anonymous Symbol]
    stm32f3xx_hal_tim.o(.text.HAL_TIM_DMABurst_ReadStart) refers to stm32f3xx_hal_tim.o(.text.HAL_TIM_DMABurst_MultiReadStart) for HAL_TIM_DMABurst_MultiReadStart
    stm32f3xx_hal_tim.o(.ARM.exidx.text.HAL_TIM_DMABurst_ReadStart) refers to stm32f3xx_hal_tim.o(.text.HAL_TIM_DMABurst_ReadStart) for [Anonymous Symbol]
    stm32f3xx_hal_tim.o(.text.HAL_TIM_DMABurst_MultiReadStart) refers to stm32f3xx_hal_tim.o(.text.TIM_DMACaptureCplt) for TIM_DMACaptureCplt
    stm32f3xx_hal_tim.o(.text.HAL_TIM_DMABurst_MultiReadStart) refers to stm32f3xx_hal_tim.o(.text.TIM_DMACaptureHalfCplt) for TIM_DMACaptureHalfCplt
    stm32f3xx_hal_tim.o(.text.HAL_TIM_DMABurst_MultiReadStart) refers to stm32f3xx_hal_tim.o(.text.TIM_DMAError) for TIM_DMAError
    stm32f3xx_hal_tim.o(.text.HAL_TIM_DMABurst_MultiReadStart) refers to stm32f3xx_hal_tim.o(.text.TIM_DMATriggerCplt) for TIM_DMATriggerCplt
    stm32f3xx_hal_tim.o(.text.HAL_TIM_DMABurst_MultiReadStart) refers to stm32f3xx_hal_tim.o(.text.TIM_DMATriggerHalfCplt) for TIM_DMATriggerHalfCplt
    stm32f3xx_hal_tim.o(.text.HAL_TIM_DMABurst_MultiReadStart) refers to stm32f3xx_hal_tim.o(.text.TIM_DMAPeriodElapsedCplt) for TIM_DMAPeriodElapsedCplt
    stm32f3xx_hal_tim.o(.text.HAL_TIM_DMABurst_MultiReadStart) refers to stm32f3xx_hal_tim.o(.text.TIM_DMAPeriodElapsedHalfCplt) for TIM_DMAPeriodElapsedHalfCplt
    stm32f3xx_hal_tim.o(.text.HAL_TIM_DMABurst_MultiReadStart) refers to stm32f3xx_hal_tim_ex.o(.text.TIMEx_DMACommutationCplt) for TIMEx_DMACommutationCplt
    stm32f3xx_hal_tim.o(.text.HAL_TIM_DMABurst_MultiReadStart) refers to stm32f3xx_hal_tim_ex.o(.text.TIMEx_DMACommutationHalfCplt) for TIMEx_DMACommutationHalfCplt
    stm32f3xx_hal_tim.o(.text.HAL_TIM_DMABurst_MultiReadStart) refers to stm32f3xx_hal_dma.o(.text.HAL_DMA_Start_IT) for HAL_DMA_Start_IT
    stm32f3xx_hal_tim.o(.ARM.exidx.text.HAL_TIM_DMABurst_MultiReadStart) refers to stm32f3xx_hal_tim.o(.text.HAL_TIM_DMABurst_MultiReadStart) for [Anonymous Symbol]
    stm32f3xx_hal_tim.o(.text.HAL_TIM_DMABurst_ReadStop) refers to stm32f3xx_hal_dma.o(.text.HAL_DMA_Abort_IT) for HAL_DMA_Abort_IT
    stm32f3xx_hal_tim.o(.ARM.exidx.text.HAL_TIM_DMABurst_ReadStop) refers to stm32f3xx_hal_tim.o(.text.HAL_TIM_DMABurst_ReadStop) for [Anonymous Symbol]
    stm32f3xx_hal_tim.o(.ARM.exidx.text.HAL_TIM_GenerateEvent) refers to stm32f3xx_hal_tim.o(.text.HAL_TIM_GenerateEvent) for [Anonymous Symbol]
    stm32f3xx_hal_tim.o(.ARM.exidx.text.HAL_TIM_ConfigOCrefClear) refers to stm32f3xx_hal_tim.o(.text.HAL_TIM_ConfigOCrefClear) for [Anonymous Symbol]
    stm32f3xx_hal_tim.o(.ARM.exidx.text.TIM_ETR_SetConfig) refers to stm32f3xx_hal_tim.o(.text.TIM_ETR_SetConfig) for [Anonymous Symbol]
    stm32f3xx_hal_tim.o(.ARM.exidx.text.HAL_TIM_ConfigClockSource) refers to stm32f3xx_hal_tim.o(.text.HAL_TIM_ConfigClockSource) for [Anonymous Symbol]
    stm32f3xx_hal_tim.o(.ARM.exidx.text.HAL_TIM_ConfigTI1Input) refers to stm32f3xx_hal_tim.o(.text.HAL_TIM_ConfigTI1Input) for [Anonymous Symbol]
    stm32f3xx_hal_tim.o(.text.HAL_TIM_SlaveConfigSynchro) refers to stm32f3xx_hal_tim.o(.text.TIM_SlaveTimer_SetConfig) for TIM_SlaveTimer_SetConfig
    stm32f3xx_hal_tim.o(.ARM.exidx.text.HAL_TIM_SlaveConfigSynchro) refers to stm32f3xx_hal_tim.o(.text.HAL_TIM_SlaveConfigSynchro) for [Anonymous Symbol]
    stm32f3xx_hal_tim.o(.ARM.exidx.text.TIM_SlaveTimer_SetConfig) refers to stm32f3xx_hal_tim.o(.text.TIM_SlaveTimer_SetConfig) for [Anonymous Symbol]
    stm32f3xx_hal_tim.o(.text.HAL_TIM_SlaveConfigSynchro_IT) refers to stm32f3xx_hal_tim.o(.text.TIM_SlaveTimer_SetConfig) for TIM_SlaveTimer_SetConfig
    stm32f3xx_hal_tim.o(.ARM.exidx.text.HAL_TIM_SlaveConfigSynchro_IT) refers to stm32f3xx_hal_tim.o(.text.HAL_TIM_SlaveConfigSynchro_IT) for [Anonymous Symbol]
    stm32f3xx_hal_tim.o(.ARM.exidx.text.HAL_TIM_ReadCapturedValue) refers to stm32f3xx_hal_tim.o(.text.HAL_TIM_ReadCapturedValue) for [Anonymous Symbol]
    stm32f3xx_hal_tim.o(.ARM.exidx.text.HAL_TIM_PeriodElapsedHalfCpltCallback) refers to stm32f3xx_hal_tim.o(.text.HAL_TIM_PeriodElapsedHalfCpltCallback) for [Anonymous Symbol]
    stm32f3xx_hal_tim.o(.ARM.exidx.text.HAL_TIM_IC_CaptureHalfCpltCallback) refers to stm32f3xx_hal_tim.o(.text.HAL_TIM_IC_CaptureHalfCpltCallback) for [Anonymous Symbol]
    stm32f3xx_hal_tim.o(.ARM.exidx.text.HAL_TIM_PWM_PulseFinishedHalfCpltCallback) refers to stm32f3xx_hal_tim.o(.text.HAL_TIM_PWM_PulseFinishedHalfCpltCallback) for [Anonymous Symbol]
    stm32f3xx_hal_tim.o(.ARM.exidx.text.HAL_TIM_TriggerHalfCpltCallback) refers to stm32f3xx_hal_tim.o(.text.HAL_TIM_TriggerHalfCpltCallback) for [Anonymous Symbol]
    stm32f3xx_hal_tim.o(.ARM.exidx.text.HAL_TIM_ErrorCallback) refers to stm32f3xx_hal_tim.o(.text.HAL_TIM_ErrorCallback) for [Anonymous Symbol]
    stm32f3xx_hal_tim.o(.ARM.exidx.text.HAL_TIM_Base_GetState) refers to stm32f3xx_hal_tim.o(.text.HAL_TIM_Base_GetState) for [Anonymous Symbol]
    stm32f3xx_hal_tim.o(.ARM.exidx.text.HAL_TIM_OC_GetState) refers to stm32f3xx_hal_tim.o(.text.HAL_TIM_OC_GetState) for [Anonymous Symbol]
    stm32f3xx_hal_tim.o(.ARM.exidx.text.HAL_TIM_PWM_GetState) refers to stm32f3xx_hal_tim.o(.text.HAL_TIM_PWM_GetState) for [Anonymous Symbol]
    stm32f3xx_hal_tim.o(.ARM.exidx.text.HAL_TIM_IC_GetState) refers to stm32f3xx_hal_tim.o(.text.HAL_TIM_IC_GetState) for [Anonymous Symbol]
    stm32f3xx_hal_tim.o(.ARM.exidx.text.HAL_TIM_OnePulse_GetState) refers to stm32f3xx_hal_tim.o(.text.HAL_TIM_OnePulse_GetState) for [Anonymous Symbol]
    stm32f3xx_hal_tim.o(.ARM.exidx.text.HAL_TIM_Encoder_GetState) refers to stm32f3xx_hal_tim.o(.text.HAL_TIM_Encoder_GetState) for [Anonymous Symbol]
    stm32f3xx_hal_tim.o(.ARM.exidx.text.HAL_TIM_GetActiveChannel) refers to stm32f3xx_hal_tim.o(.text.HAL_TIM_GetActiveChannel) for [Anonymous Symbol]
    stm32f3xx_hal_tim.o(.ARM.exidx.text.HAL_TIM_GetChannelState) refers to stm32f3xx_hal_tim.o(.text.HAL_TIM_GetChannelState) for [Anonymous Symbol]
    stm32f3xx_hal_tim.o(.ARM.exidx.text.HAL_TIM_DMABurstState) refers to stm32f3xx_hal_tim.o(.text.HAL_TIM_DMABurstState) for [Anonymous Symbol]
    stm32f3xx_hal_tim_ex.o(.text.HAL_TIMEx_HallSensor_Init) refers to stm32f3xx_hal_tim_ex.o(.text.HAL_TIMEx_HallSensor_MspInit) for HAL_TIMEx_HallSensor_MspInit
    stm32f3xx_hal_tim_ex.o(.text.HAL_TIMEx_HallSensor_Init) refers to stm32f3xx_hal_tim.o(.text.TIM_Base_SetConfig) for TIM_Base_SetConfig
    stm32f3xx_hal_tim_ex.o(.text.HAL_TIMEx_HallSensor_Init) refers to stm32f3xx_hal_tim.o(.text.TIM_TI1_SetConfig) for TIM_TI1_SetConfig
    stm32f3xx_hal_tim_ex.o(.text.HAL_TIMEx_HallSensor_Init) refers to stm32f3xx_hal_tim.o(.text.TIM_OC2_SetConfig) for TIM_OC2_SetConfig
    stm32f3xx_hal_tim_ex.o(.ARM.exidx.text.HAL_TIMEx_HallSensor_Init) refers to stm32f3xx_hal_tim_ex.o(.text.HAL_TIMEx_HallSensor_Init) for [Anonymous Symbol]
    stm32f3xx_hal_tim_ex.o(.ARM.exidx.text.HAL_TIMEx_HallSensor_MspInit) refers to stm32f3xx_hal_tim_ex.o(.text.HAL_TIMEx_HallSensor_MspInit) for [Anonymous Symbol]
    stm32f3xx_hal_tim_ex.o(.text.HAL_TIMEx_HallSensor_DeInit) refers to stm32f3xx_hal_tim_ex.o(.text.HAL_TIMEx_HallSensor_MspDeInit) for HAL_TIMEx_HallSensor_MspDeInit
    stm32f3xx_hal_tim_ex.o(.ARM.exidx.text.HAL_TIMEx_HallSensor_DeInit) refers to stm32f3xx_hal_tim_ex.o(.text.HAL_TIMEx_HallSensor_DeInit) for [Anonymous Symbol]
    stm32f3xx_hal_tim_ex.o(.ARM.exidx.text.HAL_TIMEx_HallSensor_MspDeInit) refers to stm32f3xx_hal_tim_ex.o(.text.HAL_TIMEx_HallSensor_MspDeInit) for [Anonymous Symbol]
    stm32f3xx_hal_tim_ex.o(.text.HAL_TIMEx_HallSensor_Start) refers to stm32f3xx_hal_tim.o(.text.TIM_CCxChannelCmd) for TIM_CCxChannelCmd
    stm32f3xx_hal_tim_ex.o(.ARM.exidx.text.HAL_TIMEx_HallSensor_Start) refers to stm32f3xx_hal_tim_ex.o(.text.HAL_TIMEx_HallSensor_Start) for [Anonymous Symbol]
    stm32f3xx_hal_tim_ex.o(.text.HAL_TIMEx_HallSensor_Stop) refers to stm32f3xx_hal_tim.o(.text.TIM_CCxChannelCmd) for TIM_CCxChannelCmd
    stm32f3xx_hal_tim_ex.o(.ARM.exidx.text.HAL_TIMEx_HallSensor_Stop) refers to stm32f3xx_hal_tim_ex.o(.text.HAL_TIMEx_HallSensor_Stop) for [Anonymous Symbol]
    stm32f3xx_hal_tim_ex.o(.text.HAL_TIMEx_HallSensor_Start_IT) refers to stm32f3xx_hal_tim.o(.text.TIM_CCxChannelCmd) for TIM_CCxChannelCmd
    stm32f3xx_hal_tim_ex.o(.ARM.exidx.text.HAL_TIMEx_HallSensor_Start_IT) refers to stm32f3xx_hal_tim_ex.o(.text.HAL_TIMEx_HallSensor_Start_IT) for [Anonymous Symbol]
    stm32f3xx_hal_tim_ex.o(.text.HAL_TIMEx_HallSensor_Stop_IT) refers to stm32f3xx_hal_tim.o(.text.TIM_CCxChannelCmd) for TIM_CCxChannelCmd
    stm32f3xx_hal_tim_ex.o(.ARM.exidx.text.HAL_TIMEx_HallSensor_Stop_IT) refers to stm32f3xx_hal_tim_ex.o(.text.HAL_TIMEx_HallSensor_Stop_IT) for [Anonymous Symbol]
    stm32f3xx_hal_tim_ex.o(.text.HAL_TIMEx_HallSensor_Start_DMA) refers to stm32f3xx_hal_tim.o(.text.TIM_CCxChannelCmd) for TIM_CCxChannelCmd
    stm32f3xx_hal_tim_ex.o(.text.HAL_TIMEx_HallSensor_Start_DMA) refers to stm32f3xx_hal_tim.o(.text.TIM_DMACaptureCplt) for TIM_DMACaptureCplt
    stm32f3xx_hal_tim_ex.o(.text.HAL_TIMEx_HallSensor_Start_DMA) refers to stm32f3xx_hal_tim.o(.text.TIM_DMACaptureHalfCplt) for TIM_DMACaptureHalfCplt
    stm32f3xx_hal_tim_ex.o(.text.HAL_TIMEx_HallSensor_Start_DMA) refers to stm32f3xx_hal_tim.o(.text.TIM_DMAError) for TIM_DMAError
    stm32f3xx_hal_tim_ex.o(.text.HAL_TIMEx_HallSensor_Start_DMA) refers to stm32f3xx_hal_dma.o(.text.HAL_DMA_Start_IT) for HAL_DMA_Start_IT
    stm32f3xx_hal_tim_ex.o(.ARM.exidx.text.HAL_TIMEx_HallSensor_Start_DMA) refers to stm32f3xx_hal_tim_ex.o(.text.HAL_TIMEx_HallSensor_Start_DMA) for [Anonymous Symbol]
    stm32f3xx_hal_tim_ex.o(.text.HAL_TIMEx_HallSensor_Stop_DMA) refers to stm32f3xx_hal_tim.o(.text.TIM_CCxChannelCmd) for TIM_CCxChannelCmd
    stm32f3xx_hal_tim_ex.o(.text.HAL_TIMEx_HallSensor_Stop_DMA) refers to stm32f3xx_hal_dma.o(.text.HAL_DMA_Abort_IT) for HAL_DMA_Abort_IT
    stm32f3xx_hal_tim_ex.o(.ARM.exidx.text.HAL_TIMEx_HallSensor_Stop_DMA) refers to stm32f3xx_hal_tim_ex.o(.text.HAL_TIMEx_HallSensor_Stop_DMA) for [Anonymous Symbol]
    stm32f3xx_hal_tim_ex.o(.ARM.exidx.text.HAL_TIMEx_OCN_Start) refers to stm32f3xx_hal_tim_ex.o(.text.HAL_TIMEx_OCN_Start) for [Anonymous Symbol]
    stm32f3xx_hal_tim_ex.o(.ARM.exidx.text.HAL_TIMEx_OCN_Stop) refers to stm32f3xx_hal_tim_ex.o(.text.HAL_TIMEx_OCN_Stop) for [Anonymous Symbol]
    stm32f3xx_hal_tim_ex.o(.ARM.exidx.text.HAL_TIMEx_OCN_Start_IT) refers to stm32f3xx_hal_tim_ex.o(.text.HAL_TIMEx_OCN_Start_IT) for [Anonymous Symbol]
    stm32f3xx_hal_tim_ex.o(.ARM.exidx.text.HAL_TIMEx_OCN_Stop_IT) refers to stm32f3xx_hal_tim_ex.o(.text.HAL_TIMEx_OCN_Stop_IT) for [Anonymous Symbol]
    stm32f3xx_hal_tim_ex.o(.text.HAL_TIMEx_OCN_Start_DMA) refers to stm32f3xx_hal_tim_ex.o(.text.TIM_DMADelayPulseNCplt) for TIM_DMADelayPulseNCplt
    stm32f3xx_hal_tim_ex.o(.text.HAL_TIMEx_OCN_Start_DMA) refers to stm32f3xx_hal_tim.o(.text.TIM_DMADelayPulseHalfCplt) for TIM_DMADelayPulseHalfCplt
    stm32f3xx_hal_tim_ex.o(.text.HAL_TIMEx_OCN_Start_DMA) refers to stm32f3xx_hal_tim_ex.o(.text.TIM_DMAErrorCCxN) for TIM_DMAErrorCCxN
    stm32f3xx_hal_tim_ex.o(.text.HAL_TIMEx_OCN_Start_DMA) refers to stm32f3xx_hal_dma.o(.text.HAL_DMA_Start_IT) for HAL_DMA_Start_IT
    stm32f3xx_hal_tim_ex.o(.ARM.exidx.text.HAL_TIMEx_OCN_Start_DMA) refers to stm32f3xx_hal_tim_ex.o(.text.HAL_TIMEx_OCN_Start_DMA) for [Anonymous Symbol]
    stm32f3xx_hal_tim_ex.o(.text.TIM_DMADelayPulseNCplt) refers to stm32f3xx_hal_tim.o(.text.HAL_TIM_PWM_PulseFinishedCallback) for HAL_TIM_PWM_PulseFinishedCallback
    stm32f3xx_hal_tim_ex.o(.ARM.exidx.text.TIM_DMADelayPulseNCplt) refers to stm32f3xx_hal_tim_ex.o(.text.TIM_DMADelayPulseNCplt) for [Anonymous Symbol]
    stm32f3xx_hal_tim_ex.o(.text.TIM_DMAErrorCCxN) refers to stm32f3xx_hal_tim.o(.text.HAL_TIM_ErrorCallback) for HAL_TIM_ErrorCallback
    stm32f3xx_hal_tim_ex.o(.ARM.exidx.text.TIM_DMAErrorCCxN) refers to stm32f3xx_hal_tim_ex.o(.text.TIM_DMAErrorCCxN) for [Anonymous Symbol]
    stm32f3xx_hal_tim_ex.o(.text.HAL_TIMEx_OCN_Stop_DMA) refers to stm32f3xx_hal_dma.o(.text.HAL_DMA_Abort_IT) for HAL_DMA_Abort_IT
    stm32f3xx_hal_tim_ex.o(.ARM.exidx.text.HAL_TIMEx_OCN_Stop_DMA) refers to stm32f3xx_hal_tim_ex.o(.text.HAL_TIMEx_OCN_Stop_DMA) for [Anonymous Symbol]
    stm32f3xx_hal_tim_ex.o(.ARM.exidx.text.HAL_TIMEx_PWMN_Start) refers to stm32f3xx_hal_tim_ex.o(.text.HAL_TIMEx_PWMN_Start) for [Anonymous Symbol]
    stm32f3xx_hal_tim_ex.o(.ARM.exidx.text.HAL_TIMEx_PWMN_Stop) refers to stm32f3xx_hal_tim_ex.o(.text.HAL_TIMEx_PWMN_Stop) for [Anonymous Symbol]
    stm32f3xx_hal_tim_ex.o(.ARM.exidx.text.HAL_TIMEx_PWMN_Start_IT) refers to stm32f3xx_hal_tim_ex.o(.text.HAL_TIMEx_PWMN_Start_IT) for [Anonymous Symbol]
    stm32f3xx_hal_tim_ex.o(.ARM.exidx.text.HAL_TIMEx_PWMN_Stop_IT) refers to stm32f3xx_hal_tim_ex.o(.text.HAL_TIMEx_PWMN_Stop_IT) for [Anonymous Symbol]
    stm32f3xx_hal_tim_ex.o(.text.HAL_TIMEx_PWMN_Start_DMA) refers to stm32f3xx_hal_tim_ex.o(.text.TIM_DMADelayPulseNCplt) for TIM_DMADelayPulseNCplt
    stm32f3xx_hal_tim_ex.o(.text.HAL_TIMEx_PWMN_Start_DMA) refers to stm32f3xx_hal_tim.o(.text.TIM_DMADelayPulseHalfCplt) for TIM_DMADelayPulseHalfCplt
    stm32f3xx_hal_tim_ex.o(.text.HAL_TIMEx_PWMN_Start_DMA) refers to stm32f3xx_hal_tim_ex.o(.text.TIM_DMAErrorCCxN) for TIM_DMAErrorCCxN
    stm32f3xx_hal_tim_ex.o(.text.HAL_TIMEx_PWMN_Start_DMA) refers to stm32f3xx_hal_dma.o(.text.HAL_DMA_Start_IT) for HAL_DMA_Start_IT
    stm32f3xx_hal_tim_ex.o(.ARM.exidx.text.HAL_TIMEx_PWMN_Start_DMA) refers to stm32f3xx_hal_tim_ex.o(.text.HAL_TIMEx_PWMN_Start_DMA) for [Anonymous Symbol]
    stm32f3xx_hal_tim_ex.o(.text.HAL_TIMEx_PWMN_Stop_DMA) refers to stm32f3xx_hal_dma.o(.text.HAL_DMA_Abort_IT) for HAL_DMA_Abort_IT
    stm32f3xx_hal_tim_ex.o(.ARM.exidx.text.HAL_TIMEx_PWMN_Stop_DMA) refers to stm32f3xx_hal_tim_ex.o(.text.HAL_TIMEx_PWMN_Stop_DMA) for [Anonymous Symbol]
    stm32f3xx_hal_tim_ex.o(.text.HAL_TIMEx_OnePulseN_Start) refers to stm32f3xx_hal_tim.o(.text.TIM_CCxChannelCmd) for TIM_CCxChannelCmd
    stm32f3xx_hal_tim_ex.o(.ARM.exidx.text.HAL_TIMEx_OnePulseN_Start) refers to stm32f3xx_hal_tim_ex.o(.text.HAL_TIMEx_OnePulseN_Start) for [Anonymous Symbol]
    stm32f3xx_hal_tim_ex.o(.text.HAL_TIMEx_OnePulseN_Stop) refers to stm32f3xx_hal_tim.o(.text.TIM_CCxChannelCmd) for TIM_CCxChannelCmd
    stm32f3xx_hal_tim_ex.o(.ARM.exidx.text.HAL_TIMEx_OnePulseN_Stop) refers to stm32f3xx_hal_tim_ex.o(.text.HAL_TIMEx_OnePulseN_Stop) for [Anonymous Symbol]
    stm32f3xx_hal_tim_ex.o(.text.HAL_TIMEx_OnePulseN_Start_IT) refers to stm32f3xx_hal_tim.o(.text.TIM_CCxChannelCmd) for TIM_CCxChannelCmd
    stm32f3xx_hal_tim_ex.o(.ARM.exidx.text.HAL_TIMEx_OnePulseN_Start_IT) refers to stm32f3xx_hal_tim_ex.o(.text.HAL_TIMEx_OnePulseN_Start_IT) for [Anonymous Symbol]
    stm32f3xx_hal_tim_ex.o(.text.HAL_TIMEx_OnePulseN_Stop_IT) refers to stm32f3xx_hal_tim.o(.text.TIM_CCxChannelCmd) for TIM_CCxChannelCmd
    stm32f3xx_hal_tim_ex.o(.ARM.exidx.text.HAL_TIMEx_OnePulseN_Stop_IT) refers to stm32f3xx_hal_tim_ex.o(.text.HAL_TIMEx_OnePulseN_Stop_IT) for [Anonymous Symbol]
    stm32f3xx_hal_tim_ex.o(.ARM.exidx.text.HAL_TIMEx_ConfigCommutEvent) refers to stm32f3xx_hal_tim_ex.o(.text.HAL_TIMEx_ConfigCommutEvent) for [Anonymous Symbol]
    stm32f3xx_hal_tim_ex.o(.ARM.exidx.text.HAL_TIMEx_ConfigCommutEvent_IT) refers to stm32f3xx_hal_tim_ex.o(.text.HAL_TIMEx_ConfigCommutEvent_IT) for [Anonymous Symbol]
    stm32f3xx_hal_tim_ex.o(.text.HAL_TIMEx_ConfigCommutEvent_DMA) refers to stm32f3xx_hal_tim_ex.o(.text.TIMEx_DMACommutationCplt) for TIMEx_DMACommutationCplt
    stm32f3xx_hal_tim_ex.o(.text.HAL_TIMEx_ConfigCommutEvent_DMA) refers to stm32f3xx_hal_tim_ex.o(.text.TIMEx_DMACommutationHalfCplt) for TIMEx_DMACommutationHalfCplt
    stm32f3xx_hal_tim_ex.o(.text.HAL_TIMEx_ConfigCommutEvent_DMA) refers to stm32f3xx_hal_tim.o(.text.TIM_DMAError) for TIM_DMAError
    stm32f3xx_hal_tim_ex.o(.ARM.exidx.text.HAL_TIMEx_ConfigCommutEvent_DMA) refers to stm32f3xx_hal_tim_ex.o(.text.HAL_TIMEx_ConfigCommutEvent_DMA) for [Anonymous Symbol]
    stm32f3xx_hal_tim_ex.o(.text.TIMEx_DMACommutationCplt) refers to stm32f3xx_hal_tim_ex.o(.text.HAL_TIMEx_CommutCallback) for HAL_TIMEx_CommutCallback
    stm32f3xx_hal_tim_ex.o(.ARM.exidx.text.TIMEx_DMACommutationCplt) refers to stm32f3xx_hal_tim_ex.o(.text.TIMEx_DMACommutationCplt) for [Anonymous Symbol]
    stm32f3xx_hal_tim_ex.o(.text.TIMEx_DMACommutationHalfCplt) refers to stm32f3xx_hal_tim_ex.o(.text.HAL_TIMEx_CommutHalfCpltCallback) for HAL_TIMEx_CommutHalfCpltCallback
    stm32f3xx_hal_tim_ex.o(.ARM.exidx.text.TIMEx_DMACommutationHalfCplt) refers to stm32f3xx_hal_tim_ex.o(.text.TIMEx_DMACommutationHalfCplt) for [Anonymous Symbol]
    stm32f3xx_hal_tim_ex.o(.ARM.exidx.text.HAL_TIMEx_MasterConfigSynchronization) refers to stm32f3xx_hal_tim_ex.o(.text.HAL_TIMEx_MasterConfigSynchronization) for [Anonymous Symbol]
    stm32f3xx_hal_tim_ex.o(.ARM.exidx.text.HAL_TIMEx_ConfigBreakDeadTime) refers to stm32f3xx_hal_tim_ex.o(.text.HAL_TIMEx_ConfigBreakDeadTime) for [Anonymous Symbol]
    stm32f3xx_hal_tim_ex.o(.ARM.exidx.text.HAL_TIMEx_RemapConfig) refers to stm32f3xx_hal_tim_ex.o(.text.HAL_TIMEx_RemapConfig) for [Anonymous Symbol]
    stm32f3xx_hal_tim_ex.o(.ARM.exidx.text.HAL_TIMEx_GroupChannel5) refers to stm32f3xx_hal_tim_ex.o(.text.HAL_TIMEx_GroupChannel5) for [Anonymous Symbol]
    stm32f3xx_hal_tim_ex.o(.ARM.exidx.text.HAL_TIMEx_CommutCallback) refers to stm32f3xx_hal_tim_ex.o(.text.HAL_TIMEx_CommutCallback) for [Anonymous Symbol]
    stm32f3xx_hal_tim_ex.o(.ARM.exidx.text.HAL_TIMEx_CommutHalfCpltCallback) refers to stm32f3xx_hal_tim_ex.o(.text.HAL_TIMEx_CommutHalfCpltCallback) for [Anonymous Symbol]
    stm32f3xx_hal_tim_ex.o(.ARM.exidx.text.HAL_TIMEx_BreakCallback) refers to stm32f3xx_hal_tim_ex.o(.text.HAL_TIMEx_BreakCallback) for [Anonymous Symbol]
    stm32f3xx_hal_tim_ex.o(.ARM.exidx.text.HAL_TIMEx_Break2Callback) refers to stm32f3xx_hal_tim_ex.o(.text.HAL_TIMEx_Break2Callback) for [Anonymous Symbol]
    stm32f3xx_hal_tim_ex.o(.ARM.exidx.text.HAL_TIMEx_HallSensor_GetState) refers to stm32f3xx_hal_tim_ex.o(.text.HAL_TIMEx_HallSensor_GetState) for [Anonymous Symbol]
    stm32f3xx_hal_tim_ex.o(.ARM.exidx.text.HAL_TIMEx_GetChannelNState) refers to stm32f3xx_hal_tim_ex.o(.text.HAL_TIMEx_GetChannelNState) for [Anonymous Symbol]
    stm32f3xx_hal_uart.o(.text.HAL_UART_Init) refers to stm32f3xx_hal_msp.o(.text.HAL_UART_MspInit) for HAL_UART_MspInit
    stm32f3xx_hal_uart.o(.text.HAL_UART_Init) refers to stm32f3xx_hal_uart.o(.text.UART_SetConfig) for UART_SetConfig
    stm32f3xx_hal_uart.o(.text.HAL_UART_Init) refers to stm32f3xx_hal_uart.o(.text.UART_AdvFeatureConfig) for UART_AdvFeatureConfig
    stm32f3xx_hal_uart.o(.text.HAL_UART_Init) refers to stm32f3xx_hal.o(.text.HAL_GetTick) for HAL_GetTick
    stm32f3xx_hal_uart.o(.text.HAL_UART_Init) refers to stm32f3xx_hal_uart.o(.text.UART_WaitOnFlagUntilTimeout) for UART_WaitOnFlagUntilTimeout
    stm32f3xx_hal_uart.o(.ARM.exidx.text.HAL_UART_Init) refers to stm32f3xx_hal_uart.o(.text.HAL_UART_Init) for [Anonymous Symbol]
    stm32f3xx_hal_uart.o(.ARM.exidx.text.HAL_UART_MspInit) refers to stm32f3xx_hal_uart.o(.text.HAL_UART_MspInit) for [Anonymous Symbol]
    stm32f3xx_hal_uart.o(.text.UART_SetConfig) refers to stm32f3xx_hal_uart.o(.rodata.cst16) for .Lswitch.table.UART_SetConfig.4
    stm32f3xx_hal_uart.o(.text.UART_SetConfig) refers to stm32f3xx_hal_rcc.o(.text.HAL_RCC_GetPCLK1Freq) for HAL_RCC_GetPCLK1Freq
    stm32f3xx_hal_uart.o(.text.UART_SetConfig) refers to stm32f3xx_hal_rcc.o(.text.HAL_RCC_GetPCLK2Freq) for HAL_RCC_GetPCLK2Freq
    stm32f3xx_hal_uart.o(.text.UART_SetConfig) refers to stm32f3xx_hal_rcc.o(.text.HAL_RCC_GetSysClockFreq) for HAL_RCC_GetSysClockFreq
    stm32f3xx_hal_uart.o(.ARM.exidx.text.UART_SetConfig) refers to stm32f3xx_hal_uart.o(.text.UART_SetConfig) for [Anonymous Symbol]
    stm32f3xx_hal_uart.o(.ARM.exidx.text.UART_AdvFeatureConfig) refers to stm32f3xx_hal_uart.o(.text.UART_AdvFeatureConfig) for [Anonymous Symbol]
    stm32f3xx_hal_uart.o(.text.UART_CheckIdleState) refers to stm32f3xx_hal.o(.text.HAL_GetTick) for HAL_GetTick
    stm32f3xx_hal_uart.o(.text.UART_CheckIdleState) refers to stm32f3xx_hal_uart.o(.text.UART_WaitOnFlagUntilTimeout) for UART_WaitOnFlagUntilTimeout
    stm32f3xx_hal_uart.o(.ARM.exidx.text.UART_CheckIdleState) refers to stm32f3xx_hal_uart.o(.text.UART_CheckIdleState) for [Anonymous Symbol]
    stm32f3xx_hal_uart.o(.text.HAL_HalfDuplex_Init) refers to stm32f3xx_hal_msp.o(.text.HAL_UART_MspInit) for HAL_UART_MspInit
    stm32f3xx_hal_uart.o(.text.HAL_HalfDuplex_Init) refers to stm32f3xx_hal_uart.o(.text.UART_SetConfig) for UART_SetConfig
    stm32f3xx_hal_uart.o(.text.HAL_HalfDuplex_Init) refers to stm32f3xx_hal_uart.o(.text.UART_AdvFeatureConfig) for UART_AdvFeatureConfig
    stm32f3xx_hal_uart.o(.text.HAL_HalfDuplex_Init) refers to stm32f3xx_hal.o(.text.HAL_GetTick) for HAL_GetTick
    stm32f3xx_hal_uart.o(.text.HAL_HalfDuplex_Init) refers to stm32f3xx_hal_uart.o(.text.UART_WaitOnFlagUntilTimeout) for UART_WaitOnFlagUntilTimeout
    stm32f3xx_hal_uart.o(.ARM.exidx.text.HAL_HalfDuplex_Init) refers to stm32f3xx_hal_uart.o(.text.HAL_HalfDuplex_Init) for [Anonymous Symbol]
    stm32f3xx_hal_uart.o(.text.HAL_LIN_Init) refers to stm32f3xx_hal_msp.o(.text.HAL_UART_MspInit) for HAL_UART_MspInit
    stm32f3xx_hal_uart.o(.text.HAL_LIN_Init) refers to stm32f3xx_hal_uart.o(.text.UART_SetConfig) for UART_SetConfig
    stm32f3xx_hal_uart.o(.text.HAL_LIN_Init) refers to stm32f3xx_hal_uart.o(.text.UART_AdvFeatureConfig) for UART_AdvFeatureConfig
    stm32f3xx_hal_uart.o(.text.HAL_LIN_Init) refers to stm32f3xx_hal.o(.text.HAL_GetTick) for HAL_GetTick
    stm32f3xx_hal_uart.o(.text.HAL_LIN_Init) refers to stm32f3xx_hal_uart.o(.text.UART_WaitOnFlagUntilTimeout) for UART_WaitOnFlagUntilTimeout
    stm32f3xx_hal_uart.o(.ARM.exidx.text.HAL_LIN_Init) refers to stm32f3xx_hal_uart.o(.text.HAL_LIN_Init) for [Anonymous Symbol]
    stm32f3xx_hal_uart.o(.text.HAL_MultiProcessor_Init) refers to stm32f3xx_hal_msp.o(.text.HAL_UART_MspInit) for HAL_UART_MspInit
    stm32f3xx_hal_uart.o(.text.HAL_MultiProcessor_Init) refers to stm32f3xx_hal_uart.o(.text.UART_SetConfig) for UART_SetConfig
    stm32f3xx_hal_uart.o(.text.HAL_MultiProcessor_Init) refers to stm32f3xx_hal_uart.o(.text.UART_AdvFeatureConfig) for UART_AdvFeatureConfig
    stm32f3xx_hal_uart.o(.text.HAL_MultiProcessor_Init) refers to stm32f3xx_hal.o(.text.HAL_GetTick) for HAL_GetTick
    stm32f3xx_hal_uart.o(.text.HAL_MultiProcessor_Init) refers to stm32f3xx_hal_uart.o(.text.UART_WaitOnFlagUntilTimeout) for UART_WaitOnFlagUntilTimeout
    stm32f3xx_hal_uart.o(.ARM.exidx.text.HAL_MultiProcessor_Init) refers to stm32f3xx_hal_uart.o(.text.HAL_MultiProcessor_Init) for [Anonymous Symbol]
    stm32f3xx_hal_uart.o(.text.HAL_UART_DeInit) refers to stm32f3xx_hal_msp.o(.text.HAL_UART_MspDeInit) for HAL_UART_MspDeInit
    stm32f3xx_hal_uart.o(.ARM.exidx.text.HAL_UART_DeInit) refers to stm32f3xx_hal_uart.o(.text.HAL_UART_DeInit) for [Anonymous Symbol]
    stm32f3xx_hal_uart.o(.ARM.exidx.text.HAL_UART_MspDeInit) refers to stm32f3xx_hal_uart.o(.text.HAL_UART_MspDeInit) for [Anonymous Symbol]
    stm32f3xx_hal_uart.o(.text.HAL_UART_Transmit) refers to stm32f3xx_hal.o(.text.HAL_GetTick) for HAL_GetTick
    stm32f3xx_hal_uart.o(.text.HAL_UART_Transmit) refers to stm32f3xx_hal_uart.o(.text.UART_WaitOnFlagUntilTimeout) for UART_WaitOnFlagUntilTimeout
    stm32f3xx_hal_uart.o(.ARM.exidx.text.HAL_UART_Transmit) refers to stm32f3xx_hal_uart.o(.text.HAL_UART_Transmit) for [Anonymous Symbol]
    stm32f3xx_hal_uart.o(.text.UART_WaitOnFlagUntilTimeout) refers to stm32f3xx_hal.o(.text.HAL_GetTick) for HAL_GetTick
    stm32f3xx_hal_uart.o(.ARM.exidx.text.UART_WaitOnFlagUntilTimeout) refers to stm32f3xx_hal_uart.o(.text.UART_WaitOnFlagUntilTimeout) for [Anonymous Symbol]
    stm32f3xx_hal_uart.o(.text.HAL_UART_Receive) refers to stm32f3xx_hal.o(.text.HAL_GetTick) for HAL_GetTick
    stm32f3xx_hal_uart.o(.text.HAL_UART_Receive) refers to stm32f3xx_hal_uart.o(.text.UART_WaitOnFlagUntilTimeout) for UART_WaitOnFlagUntilTimeout
    stm32f3xx_hal_uart.o(.ARM.exidx.text.HAL_UART_Receive) refers to stm32f3xx_hal_uart.o(.text.HAL_UART_Receive) for [Anonymous Symbol]
    stm32f3xx_hal_uart.o(.text.HAL_UART_Transmit_IT) refers to stm32f3xx_hal_uart.o(.text.UART_TxISR_8BIT) for UART_TxISR_8BIT
    stm32f3xx_hal_uart.o(.text.HAL_UART_Transmit_IT) refers to stm32f3xx_hal_uart.o(.text.UART_TxISR_16BIT) for UART_TxISR_16BIT
    stm32f3xx_hal_uart.o(.ARM.exidx.text.HAL_UART_Transmit_IT) refers to stm32f3xx_hal_uart.o(.text.HAL_UART_Transmit_IT) for [Anonymous Symbol]
    stm32f3xx_hal_uart.o(.ARM.exidx.text.UART_TxISR_16BIT) refers to stm32f3xx_hal_uart.o(.text.UART_TxISR_16BIT) for [Anonymous Symbol]
    stm32f3xx_hal_uart.o(.ARM.exidx.text.UART_TxISR_8BIT) refers to stm32f3xx_hal_uart.o(.text.UART_TxISR_8BIT) for [Anonymous Symbol]
    stm32f3xx_hal_uart.o(.text.HAL_UART_Receive_IT) refers to stm32f3xx_hal_uart.o(.text.UART_RxISR_8BIT) for UART_RxISR_8BIT
    stm32f3xx_hal_uart.o(.text.HAL_UART_Receive_IT) refers to stm32f3xx_hal_uart.o(.text.UART_RxISR_16BIT) for UART_RxISR_16BIT
    stm32f3xx_hal_uart.o(.ARM.exidx.text.HAL_UART_Receive_IT) refers to stm32f3xx_hal_uart.o(.text.HAL_UART_Receive_IT) for [Anonymous Symbol]
    stm32f3xx_hal_uart.o(.text.UART_Start_Receive_IT) refers to stm32f3xx_hal_uart.o(.text.UART_RxISR_8BIT) for UART_RxISR_8BIT
    stm32f3xx_hal_uart.o(.text.UART_Start_Receive_IT) refers to stm32f3xx_hal_uart.o(.text.UART_RxISR_16BIT) for UART_RxISR_16BIT
    stm32f3xx_hal_uart.o(.ARM.exidx.text.UART_Start_Receive_IT) refers to stm32f3xx_hal_uart.o(.text.UART_Start_Receive_IT) for [Anonymous Symbol]
    stm32f3xx_hal_uart.o(.text.HAL_UART_Transmit_DMA) refers to stm32f3xx_hal_uart.o(.text.UART_DMATransmitCplt) for UART_DMATransmitCplt
    stm32f3xx_hal_uart.o(.text.HAL_UART_Transmit_DMA) refers to stm32f3xx_hal_uart.o(.text.UART_DMATxHalfCplt) for UART_DMATxHalfCplt
    stm32f3xx_hal_uart.o(.text.HAL_UART_Transmit_DMA) refers to stm32f3xx_hal_uart.o(.text.UART_DMAError) for UART_DMAError
    stm32f3xx_hal_uart.o(.text.HAL_UART_Transmit_DMA) refers to stm32f3xx_hal_dma.o(.text.HAL_DMA_Start_IT) for HAL_DMA_Start_IT
    stm32f3xx_hal_uart.o(.ARM.exidx.text.HAL_UART_Transmit_DMA) refers to stm32f3xx_hal_uart.o(.text.HAL_UART_Transmit_DMA) for [Anonymous Symbol]
    stm32f3xx_hal_uart.o(.text.UART_DMATransmitCplt) refers to stm32f3xx_hal_uart.o(.text.HAL_UART_TxCpltCallback) for HAL_UART_TxCpltCallback
    stm32f3xx_hal_uart.o(.ARM.exidx.text.UART_DMATransmitCplt) refers to stm32f3xx_hal_uart.o(.text.UART_DMATransmitCplt) for [Anonymous Symbol]
    stm32f3xx_hal_uart.o(.text.UART_DMATxHalfCplt) refers to stm32f3xx_hal_uart.o(.text.HAL_UART_TxHalfCpltCallback) for HAL_UART_TxHalfCpltCallback
    stm32f3xx_hal_uart.o(.ARM.exidx.text.UART_DMATxHalfCplt) refers to stm32f3xx_hal_uart.o(.text.UART_DMATxHalfCplt) for [Anonymous Symbol]
    stm32f3xx_hal_uart.o(.text.UART_DMAError) refers to stm32f3xx_hal_uart.o(.text.HAL_UART_ErrorCallback) for HAL_UART_ErrorCallback
    stm32f3xx_hal_uart.o(.ARM.exidx.text.UART_DMAError) refers to stm32f3xx_hal_uart.o(.text.UART_DMAError) for [Anonymous Symbol]
    stm32f3xx_hal_uart.o(.text.HAL_UART_Receive_DMA) refers to stm32f3xx_hal_uart.o(.text.UART_DMAReceiveCplt) for UART_DMAReceiveCplt
    stm32f3xx_hal_uart.o(.text.HAL_UART_Receive_DMA) refers to stm32f3xx_hal_uart.o(.text.UART_DMARxHalfCplt) for UART_DMARxHalfCplt
    stm32f3xx_hal_uart.o(.text.HAL_UART_Receive_DMA) refers to stm32f3xx_hal_uart.o(.text.UART_DMAError) for UART_DMAError
    stm32f3xx_hal_uart.o(.text.HAL_UART_Receive_DMA) refers to stm32f3xx_hal_dma.o(.text.HAL_DMA_Start_IT) for HAL_DMA_Start_IT
    stm32f3xx_hal_uart.o(.ARM.exidx.text.HAL_UART_Receive_DMA) refers to stm32f3xx_hal_uart.o(.text.HAL_UART_Receive_DMA) for [Anonymous Symbol]
    stm32f3xx_hal_uart.o(.text.UART_Start_Receive_DMA) refers to stm32f3xx_hal_uart.o(.text.UART_DMAReceiveCplt) for UART_DMAReceiveCplt
    stm32f3xx_hal_uart.o(.text.UART_Start_Receive_DMA) refers to stm32f3xx_hal_uart.o(.text.UART_DMARxHalfCplt) for UART_DMARxHalfCplt
    stm32f3xx_hal_uart.o(.text.UART_Start_Receive_DMA) refers to stm32f3xx_hal_uart.o(.text.UART_DMAError) for UART_DMAError
    stm32f3xx_hal_uart.o(.text.UART_Start_Receive_DMA) refers to stm32f3xx_hal_dma.o(.text.HAL_DMA_Start_IT) for HAL_DMA_Start_IT
    stm32f3xx_hal_uart.o(.ARM.exidx.text.UART_Start_Receive_DMA) refers to stm32f3xx_hal_uart.o(.text.UART_Start_Receive_DMA) for [Anonymous Symbol]
    stm32f3xx_hal_uart.o(.ARM.exidx.text.HAL_UART_DMAPause) refers to stm32f3xx_hal_uart.o(.text.HAL_UART_DMAPause) for [Anonymous Symbol]
    stm32f3xx_hal_uart.o(.ARM.exidx.text.HAL_UART_DMAResume) refers to stm32f3xx_hal_uart.o(.text.HAL_UART_DMAResume) for [Anonymous Symbol]
    stm32f3xx_hal_uart.o(.text.HAL_UART_DMAStop) refers to stm32f3xx_hal_dma.o(.text.HAL_DMA_Abort) for HAL_DMA_Abort
    stm32f3xx_hal_uart.o(.text.HAL_UART_DMAStop) refers to stm32f3xx_hal_dma.o(.text.HAL_DMA_GetError) for HAL_DMA_GetError
    stm32f3xx_hal_uart.o(.ARM.exidx.text.HAL_UART_DMAStop) refers to stm32f3xx_hal_uart.o(.text.HAL_UART_DMAStop) for [Anonymous Symbol]
    stm32f3xx_hal_uart.o(.text.HAL_UART_Abort) refers to stm32f3xx_hal_dma.o(.text.HAL_DMA_Abort) for HAL_DMA_Abort
    stm32f3xx_hal_uart.o(.text.HAL_UART_Abort) refers to stm32f3xx_hal_dma.o(.text.HAL_DMA_GetError) for HAL_DMA_GetError
    stm32f3xx_hal_uart.o(.ARM.exidx.text.HAL_UART_Abort) refers to stm32f3xx_hal_uart.o(.text.HAL_UART_Abort) for [Anonymous Symbol]
    stm32f3xx_hal_uart.o(.text.HAL_UART_AbortTransmit) refers to stm32f3xx_hal_dma.o(.text.HAL_DMA_Abort) for HAL_DMA_Abort
    stm32f3xx_hal_uart.o(.text.HAL_UART_AbortTransmit) refers to stm32f3xx_hal_dma.o(.text.HAL_DMA_GetError) for HAL_DMA_GetError
    stm32f3xx_hal_uart.o(.ARM.exidx.text.HAL_UART_AbortTransmit) refers to stm32f3xx_hal_uart.o(.text.HAL_UART_AbortTransmit) for [Anonymous Symbol]
    stm32f3xx_hal_uart.o(.text.HAL_UART_AbortReceive) refers to stm32f3xx_hal_dma.o(.text.HAL_DMA_Abort) for HAL_DMA_Abort
    stm32f3xx_hal_uart.o(.text.HAL_UART_AbortReceive) refers to stm32f3xx_hal_dma.o(.text.HAL_DMA_GetError) for HAL_DMA_GetError
    stm32f3xx_hal_uart.o(.ARM.exidx.text.HAL_UART_AbortReceive) refers to stm32f3xx_hal_uart.o(.text.HAL_UART_AbortReceive) for [Anonymous Symbol]
    stm32f3xx_hal_uart.o(.text.HAL_UART_Abort_IT) refers to stm32f3xx_hal_uart.o(.text.UART_DMATxAbortCallback) for UART_DMATxAbortCallback
    stm32f3xx_hal_uart.o(.text.HAL_UART_Abort_IT) refers to stm32f3xx_hal_uart.o(.text.UART_DMARxAbortCallback) for UART_DMARxAbortCallback
    stm32f3xx_hal_uart.o(.text.HAL_UART_Abort_IT) refers to stm32f3xx_hal_dma.o(.text.HAL_DMA_Abort_IT) for HAL_DMA_Abort_IT
    stm32f3xx_hal_uart.o(.text.HAL_UART_Abort_IT) refers to stm32f3xx_hal_uart.o(.text.HAL_UART_AbortCpltCallback) for HAL_UART_AbortCpltCallback
    stm32f3xx_hal_uart.o(.ARM.exidx.text.HAL_UART_Abort_IT) refers to stm32f3xx_hal_uart.o(.text.HAL_UART_Abort_IT) for [Anonymous Symbol]
    stm32f3xx_hal_uart.o(.text.UART_DMATxAbortCallback) refers to stm32f3xx_hal_uart.o(.text.HAL_UART_AbortCpltCallback) for HAL_UART_AbortCpltCallback
    stm32f3xx_hal_uart.o(.ARM.exidx.text.UART_DMATxAbortCallback) refers to stm32f3xx_hal_uart.o(.text.UART_DMATxAbortCallback) for [Anonymous Symbol]
    stm32f3xx_hal_uart.o(.text.UART_DMARxAbortCallback) refers to stm32f3xx_hal_uart.o(.text.HAL_UART_AbortCpltCallback) for HAL_UART_AbortCpltCallback
    stm32f3xx_hal_uart.o(.ARM.exidx.text.UART_DMARxAbortCallback) refers to stm32f3xx_hal_uart.o(.text.UART_DMARxAbortCallback) for [Anonymous Symbol]
    stm32f3xx_hal_uart.o(.ARM.exidx.text.HAL_UART_AbortCpltCallback) refers to stm32f3xx_hal_uart.o(.text.HAL_UART_AbortCpltCallback) for [Anonymous Symbol]
    stm32f3xx_hal_uart.o(.text.HAL_UART_AbortTransmit_IT) refers to stm32f3xx_hal_uart.o(.text.HAL_UART_AbortTransmitCpltCallback) for HAL_UART_AbortTransmitCpltCallback
    stm32f3xx_hal_uart.o(.text.HAL_UART_AbortTransmit_IT) refers to stm32f3xx_hal_uart.o(.text.UART_DMATxOnlyAbortCallback) for UART_DMATxOnlyAbortCallback
    stm32f3xx_hal_uart.o(.text.HAL_UART_AbortTransmit_IT) refers to stm32f3xx_hal_dma.o(.text.HAL_DMA_Abort_IT) for HAL_DMA_Abort_IT
    stm32f3xx_hal_uart.o(.ARM.exidx.text.HAL_UART_AbortTransmit_IT) refers to stm32f3xx_hal_uart.o(.text.HAL_UART_AbortTransmit_IT) for [Anonymous Symbol]
    stm32f3xx_hal_uart.o(.text.UART_DMATxOnlyAbortCallback) refers to stm32f3xx_hal_uart.o(.text.HAL_UART_AbortTransmitCpltCallback) for HAL_UART_AbortTransmitCpltCallback
    stm32f3xx_hal_uart.o(.ARM.exidx.text.UART_DMATxOnlyAbortCallback) refers to stm32f3xx_hal_uart.o(.text.UART_DMATxOnlyAbortCallback) for [Anonymous Symbol]
    stm32f3xx_hal_uart.o(.ARM.exidx.text.HAL_UART_AbortTransmitCpltCallback) refers to stm32f3xx_hal_uart.o(.text.HAL_UART_AbortTransmitCpltCallback) for [Anonymous Symbol]
    stm32f3xx_hal_uart.o(.text.HAL_UART_AbortReceive_IT) refers to stm32f3xx_hal_uart.o(.text.HAL_UART_AbortReceiveCpltCallback) for HAL_UART_AbortReceiveCpltCallback
    stm32f3xx_hal_uart.o(.text.HAL_UART_AbortReceive_IT) refers to stm32f3xx_hal_uart.o(.text.UART_DMARxOnlyAbortCallback) for UART_DMARxOnlyAbortCallback
    stm32f3xx_hal_uart.o(.text.HAL_UART_AbortReceive_IT) refers to stm32f3xx_hal_dma.o(.text.HAL_DMA_Abort_IT) for HAL_DMA_Abort_IT
    stm32f3xx_hal_uart.o(.ARM.exidx.text.HAL_UART_AbortReceive_IT) refers to stm32f3xx_hal_uart.o(.text.HAL_UART_AbortReceive_IT) for [Anonymous Symbol]
    stm32f3xx_hal_uart.o(.text.UART_DMARxOnlyAbortCallback) refers to stm32f3xx_hal_uart.o(.text.HAL_UART_AbortReceiveCpltCallback) for HAL_UART_AbortReceiveCpltCallback
    stm32f3xx_hal_uart.o(.ARM.exidx.text.UART_DMARxOnlyAbortCallback) refers to stm32f3xx_hal_uart.o(.text.UART_DMARxOnlyAbortCallback) for [Anonymous Symbol]
    stm32f3xx_hal_uart.o(.ARM.exidx.text.HAL_UART_AbortReceiveCpltCallback) refers to stm32f3xx_hal_uart.o(.text.HAL_UART_AbortReceiveCpltCallback) for [Anonymous Symbol]
    stm32f3xx_hal_uart.o(.text.HAL_UART_IRQHandler) refers to stm32f3xx_hal_uart_ex.o(.text.HAL_UARTEx_WakeupCallback) for HAL_UARTEx_WakeupCallback
    stm32f3xx_hal_uart.o(.text.HAL_UART_IRQHandler) refers to stm32f3xx_hal_dma.o(.text.HAL_DMA_Abort) for HAL_DMA_Abort
    stm32f3xx_hal_uart.o(.text.HAL_UART_IRQHandler) refers to stm32f3xx_hal_uart.o(.text.HAL_UARTEx_RxEventCallback) for HAL_UARTEx_RxEventCallback
    stm32f3xx_hal_uart.o(.text.HAL_UART_IRQHandler) refers to stm32f3xx_hal_uart.o(.text.HAL_UART_ErrorCallback) for HAL_UART_ErrorCallback
    stm32f3xx_hal_uart.o(.text.HAL_UART_IRQHandler) refers to stm32f3xx_hal_uart.o(.text.HAL_UART_TxCpltCallback) for HAL_UART_TxCpltCallback
    stm32f3xx_hal_uart.o(.text.HAL_UART_IRQHandler) refers to stm32f3xx_hal_uart.o(.text.UART_DMAAbortOnError) for UART_DMAAbortOnError
    stm32f3xx_hal_uart.o(.text.HAL_UART_IRQHandler) refers to stm32f3xx_hal_dma.o(.text.HAL_DMA_Abort_IT) for HAL_DMA_Abort_IT
    stm32f3xx_hal_uart.o(.ARM.exidx.text.HAL_UART_IRQHandler) refers to stm32f3xx_hal_uart.o(.text.HAL_UART_IRQHandler) for [Anonymous Symbol]
    stm32f3xx_hal_uart.o(.text.UART_DMAAbortOnError) refers to stm32f3xx_hal_uart.o(.text.HAL_UART_ErrorCallback) for HAL_UART_ErrorCallback
    stm32f3xx_hal_uart.o(.ARM.exidx.text.UART_DMAAbortOnError) refers to stm32f3xx_hal_uart.o(.text.UART_DMAAbortOnError) for [Anonymous Symbol]
    stm32f3xx_hal_uart.o(.ARM.exidx.text.HAL_UART_ErrorCallback) refers to stm32f3xx_hal_uart.o(.text.HAL_UART_ErrorCallback) for [Anonymous Symbol]
    stm32f3xx_hal_uart.o(.ARM.exidx.text.HAL_UARTEx_RxEventCallback) refers to stm32f3xx_hal_uart.o(.text.HAL_UARTEx_RxEventCallback) for [Anonymous Symbol]
    stm32f3xx_hal_uart.o(.ARM.exidx.text.HAL_UART_TxCpltCallback) refers to stm32f3xx_hal_uart.o(.text.HAL_UART_TxCpltCallback) for [Anonymous Symbol]
    stm32f3xx_hal_uart.o(.ARM.exidx.text.HAL_UART_TxHalfCpltCallback) refers to stm32f3xx_hal_uart.o(.text.HAL_UART_TxHalfCpltCallback) for [Anonymous Symbol]
    stm32f3xx_hal_uart.o(.ARM.exidx.text.HAL_UART_RxCpltCallback) refers to stm32f3xx_hal_uart.o(.text.HAL_UART_RxCpltCallback) for [Anonymous Symbol]
    stm32f3xx_hal_uart.o(.ARM.exidx.text.HAL_UART_RxHalfCpltCallback) refers to stm32f3xx_hal_uart.o(.text.HAL_UART_RxHalfCpltCallback) for [Anonymous Symbol]
    stm32f3xx_hal_uart.o(.ARM.exidx.text.HAL_UART_ReceiverTimeout_Config) refers to stm32f3xx_hal_uart.o(.text.HAL_UART_ReceiverTimeout_Config) for [Anonymous Symbol]
    stm32f3xx_hal_uart.o(.ARM.exidx.text.HAL_UART_EnableReceiverTimeout) refers to stm32f3xx_hal_uart.o(.text.HAL_UART_EnableReceiverTimeout) for [Anonymous Symbol]
    stm32f3xx_hal_uart.o(.ARM.exidx.text.HAL_UART_DisableReceiverTimeout) refers to stm32f3xx_hal_uart.o(.text.HAL_UART_DisableReceiverTimeout) for [Anonymous Symbol]
    stm32f3xx_hal_uart.o(.text.HAL_MultiProcessor_EnableMuteMode) refers to stm32f3xx_hal.o(.text.HAL_GetTick) for HAL_GetTick
    stm32f3xx_hal_uart.o(.text.HAL_MultiProcessor_EnableMuteMode) refers to stm32f3xx_hal_uart.o(.text.UART_WaitOnFlagUntilTimeout) for UART_WaitOnFlagUntilTimeout
    stm32f3xx_hal_uart.o(.ARM.exidx.text.HAL_MultiProcessor_EnableMuteMode) refers to stm32f3xx_hal_uart.o(.text.HAL_MultiProcessor_EnableMuteMode) for [Anonymous Symbol]
    stm32f3xx_hal_uart.o(.text.HAL_MultiProcessor_DisableMuteMode) refers to stm32f3xx_hal.o(.text.HAL_GetTick) for HAL_GetTick
    stm32f3xx_hal_uart.o(.text.HAL_MultiProcessor_DisableMuteMode) refers to stm32f3xx_hal_uart.o(.text.UART_WaitOnFlagUntilTimeout) for UART_WaitOnFlagUntilTimeout
    stm32f3xx_hal_uart.o(.ARM.exidx.text.HAL_MultiProcessor_DisableMuteMode) refers to stm32f3xx_hal_uart.o(.text.HAL_MultiProcessor_DisableMuteMode) for [Anonymous Symbol]
    stm32f3xx_hal_uart.o(.ARM.exidx.text.HAL_MultiProcessor_EnterMuteMode) refers to stm32f3xx_hal_uart.o(.text.HAL_MultiProcessor_EnterMuteMode) for [Anonymous Symbol]
    stm32f3xx_hal_uart.o(.ARM.exidx.text.HAL_HalfDuplex_EnableTransmitter) refers to stm32f3xx_hal_uart.o(.text.HAL_HalfDuplex_EnableTransmitter) for [Anonymous Symbol]
    stm32f3xx_hal_uart.o(.ARM.exidx.text.HAL_HalfDuplex_EnableReceiver) refers to stm32f3xx_hal_uart.o(.text.HAL_HalfDuplex_EnableReceiver) for [Anonymous Symbol]
    stm32f3xx_hal_uart.o(.ARM.exidx.text.HAL_LIN_SendBreak) refers to stm32f3xx_hal_uart.o(.text.HAL_LIN_SendBreak) for [Anonymous Symbol]
    stm32f3xx_hal_uart.o(.ARM.exidx.text.HAL_UART_GetState) refers to stm32f3xx_hal_uart.o(.text.HAL_UART_GetState) for [Anonymous Symbol]
    stm32f3xx_hal_uart.o(.ARM.exidx.text.HAL_UART_GetError) refers to stm32f3xx_hal_uart.o(.text.HAL_UART_GetError) for [Anonymous Symbol]
    stm32f3xx_hal_uart.o(.text.UART_RxISR_16BIT) refers to stm32f3xx_hal_uart.o(.text.HAL_UART_RxCpltCallback) for HAL_UART_RxCpltCallback
    stm32f3xx_hal_uart.o(.text.UART_RxISR_16BIT) refers to stm32f3xx_hal_uart.o(.text.HAL_UARTEx_RxEventCallback) for HAL_UARTEx_RxEventCallback
    stm32f3xx_hal_uart.o(.ARM.exidx.text.UART_RxISR_16BIT) refers to stm32f3xx_hal_uart.o(.text.UART_RxISR_16BIT) for [Anonymous Symbol]
    stm32f3xx_hal_uart.o(.text.UART_RxISR_8BIT) refers to stm32f3xx_hal_uart.o(.text.HAL_UART_RxCpltCallback) for HAL_UART_RxCpltCallback
    stm32f3xx_hal_uart.o(.text.UART_RxISR_8BIT) refers to stm32f3xx_hal_uart.o(.text.HAL_UARTEx_RxEventCallback) for HAL_UARTEx_RxEventCallback
    stm32f3xx_hal_uart.o(.ARM.exidx.text.UART_RxISR_8BIT) refers to stm32f3xx_hal_uart.o(.text.UART_RxISR_8BIT) for [Anonymous Symbol]
    stm32f3xx_hal_uart.o(.text.UART_DMAReceiveCplt) refers to stm32f3xx_hal_uart.o(.text.HAL_UART_RxCpltCallback) for HAL_UART_RxCpltCallback
    stm32f3xx_hal_uart.o(.text.UART_DMAReceiveCplt) refers to stm32f3xx_hal_uart.o(.text.HAL_UARTEx_RxEventCallback) for HAL_UARTEx_RxEventCallback
    stm32f3xx_hal_uart.o(.ARM.exidx.text.UART_DMAReceiveCplt) refers to stm32f3xx_hal_uart.o(.text.UART_DMAReceiveCplt) for [Anonymous Symbol]
    stm32f3xx_hal_uart.o(.text.UART_DMARxHalfCplt) refers to stm32f3xx_hal_uart.o(.text.HAL_UART_RxHalfCpltCallback) for HAL_UART_RxHalfCpltCallback
    stm32f3xx_hal_uart.o(.text.UART_DMARxHalfCplt) refers to stm32f3xx_hal_uart.o(.text.HAL_UARTEx_RxEventCallback) for HAL_UARTEx_RxEventCallback
    stm32f3xx_hal_uart.o(.ARM.exidx.text.UART_DMARxHalfCplt) refers to stm32f3xx_hal_uart.o(.text.UART_DMARxHalfCplt) for [Anonymous Symbol]
    stm32f3xx_hal_uart_ex.o(.text.HAL_RS485Ex_Init) refers to stm32f3xx_hal_msp.o(.text.HAL_UART_MspInit) for HAL_UART_MspInit
    stm32f3xx_hal_uart_ex.o(.text.HAL_RS485Ex_Init) refers to stm32f3xx_hal_uart.o(.text.UART_SetConfig) for UART_SetConfig
    stm32f3xx_hal_uart_ex.o(.text.HAL_RS485Ex_Init) refers to stm32f3xx_hal_uart.o(.text.UART_AdvFeatureConfig) for UART_AdvFeatureConfig
    stm32f3xx_hal_uart_ex.o(.text.HAL_RS485Ex_Init) refers to stm32f3xx_hal_uart.o(.text.UART_CheckIdleState) for UART_CheckIdleState
    stm32f3xx_hal_uart_ex.o(.ARM.exidx.text.HAL_RS485Ex_Init) refers to stm32f3xx_hal_uart_ex.o(.text.HAL_RS485Ex_Init) for [Anonymous Symbol]
    stm32f3xx_hal_uart_ex.o(.ARM.exidx.text.HAL_UARTEx_WakeupCallback) refers to stm32f3xx_hal_uart_ex.o(.text.HAL_UARTEx_WakeupCallback) for [Anonymous Symbol]
    stm32f3xx_hal_uart_ex.o(.text.HAL_MultiProcessorEx_AddressLength_Set) refers to stm32f3xx_hal_uart.o(.text.UART_CheckIdleState) for UART_CheckIdleState
    stm32f3xx_hal_uart_ex.o(.ARM.exidx.text.HAL_MultiProcessorEx_AddressLength_Set) refers to stm32f3xx_hal_uart_ex.o(.text.HAL_MultiProcessorEx_AddressLength_Set) for [Anonymous Symbol]
    stm32f3xx_hal_uart_ex.o(.text.HAL_UARTEx_StopModeWakeUpSourceConfig) refers to stm32f3xx_hal.o(.text.HAL_GetTick) for HAL_GetTick
    stm32f3xx_hal_uart_ex.o(.text.HAL_UARTEx_StopModeWakeUpSourceConfig) refers to stm32f3xx_hal_uart.o(.text.UART_WaitOnFlagUntilTimeout) for UART_WaitOnFlagUntilTimeout
    stm32f3xx_hal_uart_ex.o(.ARM.exidx.text.HAL_UARTEx_StopModeWakeUpSourceConfig) refers to stm32f3xx_hal_uart_ex.o(.text.HAL_UARTEx_StopModeWakeUpSourceConfig) for [Anonymous Symbol]
    stm32f3xx_hal_uart_ex.o(.ARM.exidx.text.HAL_UARTEx_EnableStopMode) refers to stm32f3xx_hal_uart_ex.o(.text.HAL_UARTEx_EnableStopMode) for [Anonymous Symbol]
    stm32f3xx_hal_uart_ex.o(.ARM.exidx.text.HAL_UARTEx_DisableStopMode) refers to stm32f3xx_hal_uart_ex.o(.text.HAL_UARTEx_DisableStopMode) for [Anonymous Symbol]
    stm32f3xx_hal_uart_ex.o(.text.HAL_UARTEx_ReceiveToIdle) refers to stm32f3xx_hal.o(.text.HAL_GetTick) for HAL_GetTick
    stm32f3xx_hal_uart_ex.o(.ARM.exidx.text.HAL_UARTEx_ReceiveToIdle) refers to stm32f3xx_hal_uart_ex.o(.text.HAL_UARTEx_ReceiveToIdle) for [Anonymous Symbol]
    stm32f3xx_hal_uart_ex.o(.text.HAL_UARTEx_ReceiveToIdle_IT) refers to stm32f3xx_hal_uart.o(.text.UART_Start_Receive_IT) for UART_Start_Receive_IT
    stm32f3xx_hal_uart_ex.o(.ARM.exidx.text.HAL_UARTEx_ReceiveToIdle_IT) refers to stm32f3xx_hal_uart_ex.o(.text.HAL_UARTEx_ReceiveToIdle_IT) for [Anonymous Symbol]
    stm32f3xx_hal_uart_ex.o(.text.HAL_UARTEx_ReceiveToIdle_DMA) refers to stm32f3xx_hal_uart.o(.text.UART_Start_Receive_DMA) for UART_Start_Receive_DMA
    stm32f3xx_hal_uart_ex.o(.ARM.exidx.text.HAL_UARTEx_ReceiveToIdle_DMA) refers to stm32f3xx_hal_uart_ex.o(.text.HAL_UARTEx_ReceiveToIdle_DMA) for [Anonymous Symbol]
    system_stm32f3xx.o(.ARM.exidx.text.SystemInit) refers to system_stm32f3xx.o(.text.SystemInit) for [Anonymous Symbol]
    system_stm32f3xx.o(.text.SystemCoreClockUpdate) refers to system_stm32f3xx.o(.data.SystemCoreClock) for SystemCoreClock
    system_stm32f3xx.o(.text.SystemCoreClockUpdate) refers to system_stm32f3xx.o(.rodata.AHBPrescTable) for AHBPrescTable
    system_stm32f3xx.o(.ARM.exidx.text.SystemCoreClockUpdate) refers to system_stm32f3xx.o(.text.SystemCoreClockUpdate) for [Anonymous Symbol]
    __main.o(!!!main) refers to __rtentry.o(.ARM.Collect$$rtentry$$00000000) for __rt_entry
    __rtentry.o(.ARM.Collect$$rtentry$$00000000) refers (Special) to __rtentry2.o(.ARM.Collect$$rtentry$$0000000A) for __rt_entry_li
    __rtentry.o(.ARM.Collect$$rtentry$$00000000) refers (Special) to __rtentry2.o(.ARM.Collect$$rtentry$$0000000D) for __rt_entry_main
    __rtentry.o(.ARM.Collect$$rtentry$$00000000) refers (Special) to __rtentry2.o(.ARM.Collect$$rtentry$$0000000C) for __rt_entry_postli_1
    __rtentry.o(.ARM.Collect$$rtentry$$00000000) refers (Special) to __rtentry2.o(.ARM.Collect$$rtentry$$00000009) for __rt_entry_postsh_1
    __rtentry.o(.ARM.Collect$$rtentry$$00000000) refers (Special) to __rtentry2.o(.ARM.Collect$$rtentry$$00000002) for __rt_entry_presh_1
    __rtentry.o(.ARM.Collect$$rtentry$$00000000) refers (Special) to __rtentry4.o(.ARM.Collect$$rtentry$$00000004) for __rt_entry_sh
    __rtentry2.o(.ARM.Collect$$rtentry$$00000008) refers to boardinit2.o(.text) for _platform_post_stackheap_init
    __rtentry2.o(.ARM.Collect$$rtentry$$0000000A) refers to libinit.o(.ARM.Collect$$libinit$$00000000) for __rt_lib_init
    __rtentry2.o(.ARM.Collect$$rtentry$$0000000B) refers to boardinit3.o(.text) for _platform_post_lib_init
    __rtentry2.o(.ARM.Collect$$rtentry$$0000000D) refers to main.o(.text.main) for main
    __rtentry2.o(.ARM.Collect$$rtentry$$0000000D) refers to exit.o(.text) for exit
    __rtentry2.o(.ARM.exidx) refers to __rtentry2.o(.ARM.Collect$$rtentry$$00000001) for .ARM.Collect$$rtentry$$00000001
    __rtentry2.o(.ARM.exidx) refers to __rtentry2.o(.ARM.Collect$$rtentry$$00000008) for .ARM.Collect$$rtentry$$00000008
    __rtentry2.o(.ARM.exidx) refers to __rtentry2.o(.ARM.Collect$$rtentry$$0000000A) for .ARM.Collect$$rtentry$$0000000A
    __rtentry2.o(.ARM.exidx) refers to __rtentry2.o(.ARM.Collect$$rtentry$$0000000B) for .ARM.Collect$$rtentry$$0000000B
    __rtentry2.o(.ARM.exidx) refers to __rtentry2.o(.ARM.Collect$$rtentry$$0000000D) for .ARM.Collect$$rtentry$$0000000D
    __rtentry4.o(.ARM.Collect$$rtentry$$00000004) refers to sys_stackheap_outer.o(.text) for __user_setup_stackheap
    __rtentry4.o(.ARM.exidx) refers to __rtentry4.o(.ARM.Collect$$rtentry$$00000004) for .ARM.Collect$$rtentry$$00000004
    sys_stackheap_outer.o(.text) refers to libspace.o(.text) for __user_perproc_libspace
    sys_stackheap_outer.o(.text) refers to startup_stm32f303xe.o(.text) for __user_initial_stackheap
    exit.o(.text) refers to rtexit.o(.ARM.Collect$$rtexit$$00000000) for __rt_exit
    libinit.o(.ARM.Collect$$libinit$$00000000) refers (Special) to libinit2.o(.ARM.Collect$$libinit$$0000002E) for __rt_lib_init_alloca_1
    libinit.o(.ARM.Collect$$libinit$$00000000) refers (Special) to libinit2.o(.ARM.Collect$$libinit$$0000002C) for __rt_lib_init_argv_1
    libinit.o(.ARM.Collect$$libinit$$00000000) refers (Special) to libinit2.o(.ARM.Collect$$libinit$$0000001B) for __rt_lib_init_atexit_1
    libinit.o(.ARM.Collect$$libinit$$00000000) refers (Special) to libinit2.o(.ARM.Collect$$libinit$$00000021) for __rt_lib_init_clock_1
    libinit.o(.ARM.Collect$$libinit$$00000000) refers (Special) to libinit2.o(.ARM.Collect$$libinit$$00000032) for __rt_lib_init_cpp_1
    libinit.o(.ARM.Collect$$libinit$$00000000) refers (Special) to libinit2.o(.ARM.Collect$$libinit$$00000030) for __rt_lib_init_exceptions_1
    libinit.o(.ARM.Collect$$libinit$$00000000) refers (Special) to libinit2.o(.ARM.Collect$$libinit$$00000001) for __rt_lib_init_fp_1
    libinit.o(.ARM.Collect$$libinit$$00000000) refers (Special) to libinit2.o(.ARM.Collect$$libinit$$0000001F) for __rt_lib_init_fp_trap_1
    libinit.o(.ARM.Collect$$libinit$$00000000) refers (Special) to libinit2.o(.ARM.Collect$$libinit$$00000023) for __rt_lib_init_getenv_1
    libinit.o(.ARM.Collect$$libinit$$00000000) refers (Special) to libinit2.o(.ARM.Collect$$libinit$$0000000A) for __rt_lib_init_heap_1
    libinit.o(.ARM.Collect$$libinit$$00000000) refers (Special) to libinit2.o(.ARM.Collect$$libinit$$00000011) for __rt_lib_init_lc_collate_1
    libinit.o(.ARM.Collect$$libinit$$00000000) refers (Special) to libinit2.o(.ARM.Collect$$libinit$$00000013) for __rt_lib_init_lc_ctype_1
    libinit.o(.ARM.Collect$$libinit$$00000000) refers (Special) to libinit2.o(.ARM.Collect$$libinit$$00000015) for __rt_lib_init_lc_monetary_1
    libinit.o(.ARM.Collect$$libinit$$00000000) refers (Special) to libinit2.o(.ARM.Collect$$libinit$$00000017) for __rt_lib_init_lc_numeric_1
    libinit.o(.ARM.Collect$$libinit$$00000000) refers (Special) to libinit2.o(.ARM.Collect$$libinit$$00000019) for __rt_lib_init_lc_time_1
    libinit.o(.ARM.Collect$$libinit$$00000000) refers (Special) to libinit2.o(.ARM.Collect$$libinit$$00000004) for __rt_lib_init_preinit_1
    libinit.o(.ARM.Collect$$libinit$$00000000) refers (Special) to libinit2.o(.ARM.Collect$$libinit$$0000000E) for __rt_lib_init_rand_1
    libinit.o(.ARM.Collect$$libinit$$00000000) refers (Special) to libinit2.o(.ARM.Collect$$libinit$$00000033) for __rt_lib_init_return
    libinit.o(.ARM.Collect$$libinit$$00000000) refers (Special) to libinit2.o(.ARM.Collect$$libinit$$0000001D) for __rt_lib_init_signal_1
    libinit.o(.ARM.Collect$$libinit$$00000000) refers (Special) to libinit2.o(.ARM.Collect$$libinit$$00000025) for __rt_lib_init_stdio_1
    libinit.o(.ARM.Collect$$libinit$$00000000) refers (Special) to libinit2.o(.ARM.Collect$$libinit$$0000000C) for __rt_lib_init_user_alloc_1
    libspace.o(.text) refers to libspace.o(.bss) for __libspace_start
    rtexit.o(.ARM.Collect$$rtexit$$00000000) refers (Special) to rtexit2.o(.ARM.Collect$$rtexit$$00000004) for __rt_exit_exit
    rtexit.o(.ARM.Collect$$rtexit$$00000000) refers (Special) to rtexit2.o(.ARM.Collect$$rtexit$$00000003) for __rt_exit_ls
    rtexit.o(.ARM.Collect$$rtexit$$00000000) refers (Special) to rtexit2.o(.ARM.Collect$$rtexit$$00000002) for __rt_exit_prels_1
    rtexit.o(.ARM.exidx) refers (Special) to rtexit2.o(.ARM.Collect$$rtexit$$00000004) for __rt_exit_exit
    rtexit.o(.ARM.exidx) refers (Special) to rtexit2.o(.ARM.Collect$$rtexit$$00000003) for __rt_exit_ls
    rtexit.o(.ARM.exidx) refers (Special) to rtexit2.o(.ARM.Collect$$rtexit$$00000002) for __rt_exit_prels_1
    rtexit.o(.ARM.exidx) refers to rtexit.o(.ARM.Collect$$rtexit$$00000000) for .ARM.Collect$$rtexit$$00000000
    libinit2.o(.ARM.Collect$$libinit$$00000001) refers to fpinit.o(x$fpl$fpinit) for _fp_init
    libinit2.o(.ARM.Collect$$libinit$$00000010) refers to libinit2.o(.ARM.Collect$$libinit$$0000000F) for .ARM.Collect$$libinit$$0000000F
    libinit2.o(.ARM.Collect$$libinit$$00000012) refers to libinit2.o(.ARM.Collect$$libinit$$0000000F) for .ARM.Collect$$libinit$$0000000F
    libinit2.o(.ARM.Collect$$libinit$$00000014) refers to libinit2.o(.ARM.Collect$$libinit$$0000000F) for .ARM.Collect$$libinit$$0000000F
    libinit2.o(.ARM.Collect$$libinit$$00000016) refers to libinit2.o(.ARM.Collect$$libinit$$0000000F) for .ARM.Collect$$libinit$$0000000F
    libinit2.o(.ARM.Collect$$libinit$$00000018) refers to libinit2.o(.ARM.Collect$$libinit$$0000000F) for .ARM.Collect$$libinit$$0000000F
    libinit2.o(.ARM.Collect$$libinit$$00000026) refers to argv_veneer.o(.emb_text) for __ARM_argv_veneer
    libinit2.o(.ARM.Collect$$libinit$$00000027) refers to argv_veneer.o(.emb_text) for __ARM_argv_veneer
    rtexit2.o(.ARM.Collect$$rtexit$$00000003) refers to libshutdown.o(.ARM.Collect$$libshutdown$$00000000) for __rt_lib_shutdown
    rtexit2.o(.ARM.Collect$$rtexit$$00000004) refers to sys_exit.o(.text) for _sys_exit
    rtexit2.o(.ARM.exidx) refers to rtexit2.o(.ARM.Collect$$rtexit$$00000001) for .ARM.Collect$$rtexit$$00000001
    rtexit2.o(.ARM.exidx) refers to rtexit2.o(.ARM.Collect$$rtexit$$00000003) for .ARM.Collect$$rtexit$$00000003
    rtexit2.o(.ARM.exidx) refers to rtexit2.o(.ARM.Collect$$rtexit$$00000004) for .ARM.Collect$$rtexit$$00000004
    argv_veneer.o(.emb_text) refers to no_argv.o(.text) for __ARM_get_argv
    sys_exit.o(.text) refers (Special) to use_no_semi.o(.text) for __I$use$semihosting
    sys_exit.o(.text) refers (Special) to indicate_semi.o(.text) for __semihosting_library_function
    sys_exit_hlt.o(.text) refers (Special) to use_no_semi.o(.text) for __I$use$semihosting
    sys_exit_hlt.o(.text) refers (Special) to indicate_semi.o(.text) for __semihosting_library_function
    _get_argv_nomalloc.o(.text) refers (Special) to hrguard.o(.text) for __heap_region$guard
    _get_argv_nomalloc.o(.text) refers to defsig_rtmem_outer.o(.text) for __rt_SIGRTMEM
    _get_argv_nomalloc.o(.text) refers to sys_command.o(.text) for _sys_command_string
    libshutdown.o(.ARM.Collect$$libshutdown$$00000000) refers (Special) to libshutdown2.o(.ARM.Collect$$libshutdown$$00000002) for __rt_lib_shutdown_cpp_1
    libshutdown.o(.ARM.Collect$$libshutdown$$00000000) refers (Special) to libshutdown2.o(.ARM.Collect$$libshutdown$$00000007) for __rt_lib_shutdown_fp_trap_1
    libshutdown.o(.ARM.Collect$$libshutdown$$00000000) refers (Special) to libshutdown2.o(.ARM.Collect$$libshutdown$$0000000F) for __rt_lib_shutdown_heap_1
    libshutdown.o(.ARM.Collect$$libshutdown$$00000000) refers (Special) to libshutdown2.o(.ARM.Collect$$libshutdown$$00000010) for __rt_lib_shutdown_return
    libshutdown.o(.ARM.Collect$$libshutdown$$00000000) refers (Special) to libshutdown2.o(.ARM.Collect$$libshutdown$$0000000A) for __rt_lib_shutdown_signal_1
    libshutdown.o(.ARM.Collect$$libshutdown$$00000000) refers (Special) to libshutdown2.o(.ARM.Collect$$libshutdown$$00000004) for __rt_lib_shutdown_stdio_1
    libshutdown.o(.ARM.Collect$$libshutdown$$00000000) refers (Special) to libshutdown2.o(.ARM.Collect$$libshutdown$$0000000C) for __rt_lib_shutdown_user_alloc_1
    sys_command.o(.text) refers (Special) to use_no_semi.o(.text) for __I$use$semihosting
    sys_command.o(.text) refers (Special) to indicate_semi.o(.text) for __semihosting_library_function
    sys_command_hlt.o(.text) refers (Special) to use_no_semi.o(.text) for __I$use$semihosting
    sys_command_hlt.o(.text) refers (Special) to indicate_semi.o(.text) for __semihosting_library_function
    defsig_rtmem_outer.o(.text) refers to defsig_rtmem_inner.o(.text) for __rt_SIGRTMEM_inner
    defsig_rtmem_outer.o(.text) refers to defsig_exit.o(.text) for __sig_exit
    defsig_rtmem_formal.o(.text) refers to rt_raise.o(.text) for __rt_raise
    rt_raise.o(.text) refers to __raise.o(.text) for __raise
    rt_raise.o(.text) refers to sys_exit.o(.text) for _sys_exit
    defsig_exit.o(.text) refers to sys_exit.o(.text) for _sys_exit
    defsig_rtmem_inner.o(.text) refers to defsig_general.o(.text) for __default_signal_display
    __raise.o(.text) refers to defsig.o(CL$$defsig) for __default_signal_handler
    defsig_general.o(.text) refers to sys_wrch.o(.text) for _ttywrch
    sys_wrch.o(.text) refers (Special) to use_no_semi.o(.text) for __I$use$semihosting
    sys_wrch.o(.text) refers (Special) to indicate_semi.o(.text) for __semihosting_library_function
    sys_wrch_hlt.o(.text) refers (Special) to use_no_semi.o(.text) for __I$use$semihosting
    sys_wrch_hlt.o(.text) refers (Special) to indicate_semi.o(.text) for __semihosting_library_function
    defsig.o(CL$$defsig) refers to defsig_rtmem_inner.o(.text) for __rt_SIGRTMEM_inner
    defsig_abrt_inner.o(.text) refers to defsig_general.o(.text) for __default_signal_display
    defsig_fpe_inner.o(.text) refers to defsig_general.o(.text) for __default_signal_display
    defsig_rtred_inner.o(.text) refers to defsig_general.o(.text) for __default_signal_display
    defsig_stak_inner.o(.text) refers to defsig_general.o(.text) for __default_signal_display
    defsig_pvfn_inner.o(.text) refers to defsig_general.o(.text) for __default_signal_display
    defsig_cppl_inner.o(.text) refers to defsig_general.o(.text) for __default_signal_display
    defsig_segv_inner.o(.text) refers to defsig_general.o(.text) for __default_signal_display
    defsig_other.o(.text) refers to defsig_general.o(.text) for __default_signal_display

